21:56:31 **** Build of configuration Debug for project P3 ****
make -r -j8 all 
Building file: ../utilities/fsl_str.c
Building file: ../utilities/fsl_debug_console.c
Building file: ../source/ADC.c
Building file: ../source/Buttons.c
Building file: ../startup/startup_mk64f12.c
Invoking: MCU C Compiler
Invoking: MCU C Compiler
Invoking: MCU C Compiler
arm-none-eabi-gcc -D__REDLIB__ -DCPU_MK64FN1M0VLL12 -DCPU_MK64FN1M0VLL12_cm4 -DSDK_OS_BAREMETAL -DSERIAL_PORT_TYPE_UART=1 -DSDK_DEBUGCONSOLE=1 -DCR_INTEGER_PRINTF -DPRINTF_FLOAT_ENABLE=0 -D__MCUXPRESSO -D__USE_CMSIS -DDEBUG -I"D:\nxp\SEBMI\P3\P3\board" -I"D:\nxp\SEBMI\P3\P3\source" -I"D:\nxp\SEBMI\P3\P3\drivers" -I"D:\nxp\SEBMI\P3\P3\utilities" -I"D:\nxp\SEBMI\P3\P3\component\serial_manager" -I"D:\nxp\SEBMI\P3\P3\component\uart" -I"D:\nxp\SEBMI\P3\P3\component\lists" -I"D:\nxp\SEBMI\P3\P3\CMSIS" -I"D:\nxp\SEBMI\P3\P3\device" -O0 -fno-common -g3 -Wall -c -ffunction-sections -fdata-sections -ffreestanding -fno-builtin -fmerge-constants -fmacro-prefix-map="../utilities/"= -mcpu=cortex-m4 -mfpu=fpv4-sp-d16 -mfloat-abi=hard -mthumb -D__REDLIB__ -fstack-usage -specs=redlib.specs -MMD -MP -MF"utilities/fsl_debug_console.d" -MT"utilities/fsl_debug_console.o" -MT"utilities/fsl_debug_console.d" -o "utilities/fsl_debug_console.o" "../utilities/fsl_debug_console.c"
Invoking: MCU C Compiler
Building file: ../source/Debouncer.c
arm-none-eabi-gcc -D__REDLIB__ -DCPU_MK64FN1M0VLL12 -DCPU_MK64FN1M0VLL12_cm4 -DSDK_OS_BAREMETAL -DSERIAL_PORT_TYPE_UART=1 -DSDK_DEBUGCONSOLE=1 -DCR_INTEGER_PRINTF -DPRINTF_FLOAT_ENABLE=0 -D__MCUXPRESSO -D__USE_CMSIS -DDEBUG -I"D:\nxp\SEBMI\P3\P3\board" -I"D:\nxp\SEBMI\P3\P3\source" -I"D:\nxp\SEBMI\P3\P3\drivers" -I"D:\nxp\SEBMI\P3\P3\utilities" -I"D:\nxp\SEBMI\P3\P3\component\serial_manager" -I"D:\nxp\SEBMI\P3\P3\component\uart" -I"D:\nxp\SEBMI\P3\P3\component\lists" -I"D:\nxp\SEBMI\P3\P3\CMSIS" -I"D:\nxp\SEBMI\P3\P3\device" -O0 -fno-common -g3 -Wall -c -ffunction-sections -fdata-sections -ffreestanding -fno-builtin -fmerge-constants -fmacro-prefix-map="../utilities/"= -mcpu=cortex-m4 -mfpu=fpv4-sp-d16 -mfloat-abi=hard -mthumb -D__REDLIB__ -fstack-usage -specs=redlib.specs -MMD -MP -MF"utilities/fsl_str.d" -MT"utilities/fsl_str.o" -MT"utilities/fsl_str.d" -o "utilities/fsl_str.o" "../utilities/fsl_str.c"
arm-none-eabi-gcc -D__REDLIB__ -DCPU_MK64FN1M0VLL12 -DCPU_MK64FN1M0VLL12_cm4 -DSDK_OS_BAREMETAL -DSERIAL_PORT_TYPE_UART=1 -DSDK_DEBUGCONSOLE=1 -DCR_INTEGER_PRINTF -DPRINTF_FLOAT_ENABLE=0 -D__MCUXPRESSO -D__USE_CMSIS -DDEBUG -I"D:\nxp\SEBMI\P3\P3\board" -I"D:\nxp\SEBMI\P3\P3\source" -I"D:\nxp\SEBMI\P3\P3\drivers" -I"D:\nxp\SEBMI\P3\P3\utilities" -I"D:\nxp\SEBMI\P3\P3\component\serial_manager" -I"D:\nxp\SEBMI\P3\P3\component\uart" -I"D:\nxp\SEBMI\P3\P3\component\lists" -I"D:\nxp\SEBMI\P3\P3\CMSIS" -I"D:\nxp\SEBMI\P3\P3\device" -O0 -fno-common -g3 -Wall -c -ffunction-sections -fdata-sections -ffreestanding -fno-builtin -fmerge-constants -fmacro-prefix-map="../source/"= -mcpu=cortex-m4 -mfpu=fpv4-sp-d16 -mfloat-abi=hard -mthumb -D__REDLIB__ -fstack-usage -specs=redlib.specs -MMD -MP -MF"source/ADC.d" -MT"source/ADC.o" -MT"source/ADC.d" -o "source/ADC.o" "../source/ADC.c"
arm-none-eabi-gcc -D__REDLIB__ -DCPU_MK64FN1M0VLL12 -DCPU_MK64FN1M0VLL12_cm4 -DSDK_OS_BAREMETAL -DSERIAL_PORT_TYPE_UART=1 -DSDK_DEBUGCONSOLE=1 -DCR_INTEGER_PRINTF -DPRINTF_FLOAT_ENABLE=0 -D__MCUXPRESSO -D__USE_CMSIS -DDEBUG -I"D:\nxp\SEBMI\P3\P3\board" -I"D:\nxp\SEBMI\P3\P3\source" -I"D:\nxp\SEBMI\P3\P3\drivers" -I"D:\nxp\SEBMI\P3\P3\utilities" -I"D:\nxp\SEBMI\P3\P3\component\serial_manager" -I"D:\nxp\SEBMI\P3\P3\component\uart" -I"D:\nxp\SEBMI\P3\P3\component\lists" -I"D:\nxp\SEBMI\P3\P3\CMSIS" -I"D:\nxp\SEBMI\P3\P3\device" -O0 -fno-common -g3 -Wall -c -ffunction-sections -fdata-sections -ffreestanding -fno-builtin -fmerge-constants -fmacro-prefix-map="../source/"= -mcpu=cortex-m4 -mfpu=fpv4-sp-d16 -mfloat-abi=hard -mthumb -D__REDLIB__ -fstack-usage -specs=redlib.specs -MMD -MP -MF"source/Buttons.d" -MT"source/Buttons.o" -MT"source/Buttons.d" -o "source/Buttons.o" "../source/Buttons.c"
Building file: ../source/Delay.c
Invoking: MCU C Compiler
arm-none-eabi-gcc -D__REDLIB__ -DCPU_MK64FN1M0VLL12 -DCPU_MK64FN1M0VLL12_cm4 -DSDK_OS_BAREMETAL -DSERIAL_PORT_TYPE_UART=1 -DSDK_DEBUGCONSOLE=1 -DCR_INTEGER_PRINTF -DPRINTF_FLOAT_ENABLE=0 -D__MCUXPRESSO -D__USE_CMSIS -DDEBUG -I"D:\nxp\SEBMI\P3\P3\board" -I"D:\nxp\SEBMI\P3\P3\source" -I"D:\nxp\SEBMI\P3\P3\drivers" -I"D:\nxp\SEBMI\P3\P3\utilities" -I"D:\nxp\SEBMI\P3\P3\component\serial_manager" -I"D:\nxp\SEBMI\P3\P3\component\uart" -I"D:\nxp\SEBMI\P3\P3\component\lists" -I"D:\nxp\SEBMI\P3\P3\CMSIS" -I"D:\nxp\SEBMI\P3\P3\device" -O0 -fno-common -g3 -Wall -c -ffunction-sections -fdata-sections -ffreestanding -fno-builtin -fmerge-constants -fmacro-prefix-map="../startup/"= -mcpu=cortex-m4 -mfpu=fpv4-sp-d16 -mfloat-abi=hard -mthumb -D__REDLIB__ -fstack-usage -specs=redlib.specs -MMD -MP -MF"startup/startup_mk64f12.d" -MT"startup/startup_mk64f12.o" -MT"startup/startup_mk64f12.d" -o "startup/startup_mk64f12.o" "../startup/startup_mk64f12.c"
Building file: ../source/FlexTimer.c
Invoking: MCU C Compiler
arm-none-eabi-gcc -D__REDLIB__ -DCPU_MK64FN1M0VLL12 -DCPU_MK64FN1M0VLL12_cm4 -DSDK_OS_BAREMETAL -DSERIAL_PORT_TYPE_UART=1 -DSDK_DEBUGCONSOLE=1 -DCR_INTEGER_PRINTF -DPRINTF_FLOAT_ENABLE=0 -D__MCUXPRESSO -D__USE_CMSIS -DDEBUG -I"D:\nxp\SEBMI\P3\P3\board" -I"D:\nxp\SEBMI\P3\P3\source" -I"D:\nxp\SEBMI\P3\P3\drivers" -I"D:\nxp\SEBMI\P3\P3\utilities" -I"D:\nxp\SEBMI\P3\P3\component\serial_manager" -I"D:\nxp\SEBMI\P3\P3\component\uart" -I"D:\nxp\SEBMI\P3\P3\component\lists" -I"D:\nxp\SEBMI\P3\P3\CMSIS" -I"D:\nxp\SEBMI\P3\P3\device" -O0 -fno-common -g3 -Wall -c -ffunction-sections -fdata-sections -ffreestanding -fno-builtin -fmerge-constants -fmacro-prefix-map="../source/"= -mcpu=cortex-m4 -mfpu=fpv4-sp-d16 -mfloat-abi=hard -mthumb -D__REDLIB__ -fstack-usage -specs=redlib.specs -MMD -MP -MF"source/Debouncer.d" -MT"source/Debouncer.o" -MT"source/Debouncer.d" -o "source/Debouncer.o" "../source/Debouncer.c"
Invoking: MCU C Compiler
arm-none-eabi-gcc -D__REDLIB__ -DCPU_MK64FN1M0VLL12 -DCPU_MK64FN1M0VLL12_cm4 -DSDK_OS_BAREMETAL -DSERIAL_PORT_TYPE_UART=1 -DSDK_DEBUGCONSOLE=1 -DCR_INTEGER_PRINTF -DPRINTF_FLOAT_ENABLE=0 -D__MCUXPRESSO -D__USE_CMSIS -DDEBUG -I"D:\nxp\SEBMI\P3\P3\board" -I"D:\nxp\SEBMI\P3\P3\source" -I"D:\nxp\SEBMI\P3\P3\drivers" -I"D:\nxp\SEBMI\P3\P3\utilities" -I"D:\nxp\SEBMI\P3\P3\component\serial_manager" -I"D:\nxp\SEBMI\P3\P3\component\uart" -I"D:\nxp\SEBMI\P3\P3\component\lists" -I"D:\nxp\SEBMI\P3\P3\CMSIS" -I"D:\nxp\SEBMI\P3\P3\device" -O0 -fno-common -g3 -Wall -c -ffunction-sections -fdata-sections -ffreestanding -fno-builtin -fmerge-constants -fmacro-prefix-map="../source/"= -mcpu=cortex-m4 -mfpu=fpv4-sp-d16 -mfloat-abi=hard -mthumb -D__REDLIB__ -fstack-usage -specs=redlib.specs -MMD -MP -MF"source/FlexTimer.d" -MT"source/FlexTimer.o" -MT"source/FlexTimer.d" -o "source/FlexTimer.o" "../source/FlexTimer.c"
Invoking: MCU C Compiler
arm-none-eabi-gcc -D__REDLIB__ -DCPU_MK64FN1M0VLL12 -DCPU_MK64FN1M0VLL12_cm4 -DSDK_OS_BAREMETAL -DSERIAL_PORT_TYPE_UART=1 -DSDK_DEBUGCONSOLE=1 -DCR_INTEGER_PRINTF -DPRINTF_FLOAT_ENABLE=0 -D__MCUXPRESSO -D__USE_CMSIS -DDEBUG -I"D:\nxp\SEBMI\P3\P3\board" -I"D:\nxp\SEBMI\P3\P3\source" -I"D:\nxp\SEBMI\P3\P3\drivers" -I"D:\nxp\SEBMI\P3\P3\utilities" -I"D:\nxp\SEBMI\P3\P3\component\serial_manager" -I"D:\nxp\SEBMI\P3\P3\component\uart" -I"D:\nxp\SEBMI\P3\P3\component\lists" -I"D:\nxp\SEBMI\P3\P3\CMSIS" -I"D:\nxp\SEBMI\P3\P3\device" -O0 -fno-common -g3 -Wall -c -ffunction-sections -fdata-sections -ffreestanding -fno-builtin -fmerge-constants -fmacro-prefix-map="../source/"= -mcpu=cortex-m4 -mfpu=fpv4-sp-d16 -mfloat-abi=hard -mthumb -D__REDLIB__ -fstack-usage -specs=redlib.specs -MMD -MP -MF"source/Delay.d" -MT"source/Delay.o" -MT"source/Delay.d" -o "source/Delay.o" "../source/Delay.c"
../source/ADC.c: In function 'ADC_init':
../source/ADC.c:19:22: warning: unused variable 'result' [-Wunused-variable]
   19 |     volatile uint8_t result;
      |                      ^~~~~~
Finished building: ../source/ADC.c
Finished building: ../startup/startup_mk64f12.c
Finished building: ../source/Buttons.c
Finished building: ../source/Debouncer.c
Finished building: ../source/Delay.c
 
 
 
 
Building file: ../source/Frec_System_Clock.c
 
Building file: ../source/Frequency.c
Building file: ../source/GPIO.c
Invoking: MCU C Compiler
arm-none-eabi-gcc -D__REDLIB__ -DCPU_MK64FN1M0VLL12 -DCPU_MK64FN1M0VLL12_cm4 -DSDK_OS_BAREMETAL -DSERIAL_PORT_TYPE_UART=1 -DSDK_DEBUGCONSOLE=1 -DCR_INTEGER_PRINTF -DPRINTF_FLOAT_ENABLE=0 -D__MCUXPRESSO -D__USE_CMSIS -DDEBUG -I"D:\nxp\SEBMI\P3\P3\board" -I"D:\nxp\SEBMI\P3\P3\source" -I"D:\nxp\SEBMI\P3\P3\drivers" -I"D:\nxp\SEBMI\P3\P3\utilities" -I"D:\nxp\SEBMI\P3\P3\component\serial_manager" -I"D:\nxp\SEBMI\P3\P3\component\uart" -I"D:\nxp\SEBMI\P3\P3\component\lists" -I"D:\nxp\SEBMI\P3\P3\CMSIS" -I"D:\nxp\SEBMI\P3\P3\device" -O0 -fno-common -g3 -Wall -c -ffunction-sections -fdata-sections -ffreestanding -fno-builtin -fmerge-constants -fmacro-prefix-map="../source/"= -mcpu=cortex-m4 -mfpu=fpv4-sp-d16 -mfloat-abi=hard -mthumb -D__REDLIB__ -fstack-usage -specs=redlib.specs -MMD -MP -MF"source/Frec_System_Clock.d" -MT"source/Frec_System_Clock.o" -MT"source/Frec_System_Clock.d" -o "source/Frec_System_Clock.o" "../source/Frec_System_Clock.c"
Invoking: MCU C Compiler
Building file: ../source/LCD_nokia.c
arm-none-eabi-gcc -D__REDLIB__ -DCPU_MK64FN1M0VLL12 -DCPU_MK64FN1M0VLL12_cm4 -DSDK_OS_BAREMETAL -DSERIAL_PORT_TYPE_UART=1 -DSDK_DEBUGCONSOLE=1 -DCR_INTEGER_PRINTF -DPRINTF_FLOAT_ENABLE=0 -D__MCUXPRESSO -D__USE_CMSIS -DDEBUG -I"D:\nxp\SEBMI\P3\P3\board" -I"D:\nxp\SEBMI\P3\P3\source" -I"D:\nxp\SEBMI\P3\P3\drivers" -I"D:\nxp\SEBMI\P3\P3\utilities" -I"D:\nxp\SEBMI\P3\P3\component\serial_manager" -I"D:\nxp\SEBMI\P3\P3\component\uart" -I"D:\nxp\SEBMI\P3\P3\component\lists" -I"D:\nxp\SEBMI\P3\P3\CMSIS" -I"D:\nxp\SEBMI\P3\P3\device" -O0 -fno-common -g3 -Wall -c -ffunction-sections -fdata-sections -ffreestanding -fno-builtin -fmerge-constants -fmacro-prefix-map="../source/"= -mcpu=cortex-m4 -mfpu=fpv4-sp-d16 -mfloat-abi=hard -mthumb -D__REDLIB__ -fstack-usage -specs=redlib.specs -MMD -MP -MF"source/Frequency.d" -MT"source/Frequency.o" -MT"source/Frequency.d" -o "source/Frequency.o" "../source/Frequency.c"
Building file: ../source/LCD_nokia_images.c
Invoking: MCU C Compiler
Invoking: MCU C Compiler
arm-none-eabi-gcc -D__REDLIB__ -DCPU_MK64FN1M0VLL12 -DCPU_MK64FN1M0VLL12_cm4 -DSDK_OS_BAREMETAL -DSERIAL_PORT_TYPE_UART=1 -DSDK_DEBUGCONSOLE=1 -DCR_INTEGER_PRINTF -DPRINTF_FLOAT_ENABLE=0 -D__MCUXPRESSO -D__USE_CMSIS -DDEBUG -I"D:\nxp\SEBMI\P3\P3\board" -I"D:\nxp\SEBMI\P3\P3\source" -I"D:\nxp\SEBMI\P3\P3\drivers" -I"D:\nxp\SEBMI\P3\P3\utilities" -I"D:\nxp\SEBMI\P3\P3\component\serial_manager" -I"D:\nxp\SEBMI\P3\P3\component\uart" -I"D:\nxp\SEBMI\P3\P3\component\lists" -I"D:\nxp\SEBMI\P3\P3\CMSIS" -I"D:\nxp\SEBMI\P3\P3\device" -O0 -fno-common -g3 -Wall -c -ffunction-sections -fdata-sections -ffreestanding -fno-builtin -fmerge-constants -fmacro-prefix-map="../source/"= -mcpu=cortex-m4 -mfpu=fpv4-sp-d16 -mfloat-abi=hard -mthumb -D__REDLIB__ -fstack-usage -specs=redlib.specs -MMD -MP -MF"source/GPIO.d" -MT"source/GPIO.o" -MT"source/GPIO.d" -o "source/GPIO.o" "../source/GPIO.c"
arm-none-eabi-gcc -D__REDLIB__ -DCPU_MK64FN1M0VLL12 -DCPU_MK64FN1M0VLL12_cm4 -DSDK_OS_BAREMETAL -DSERIAL_PORT_TYPE_UART=1 -DSDK_DEBUGCONSOLE=1 -DCR_INTEGER_PRINTF -DPRINTF_FLOAT_ENABLE=0 -D__MCUXPRESSO -D__USE_CMSIS -DDEBUG -I"D:\nxp\SEBMI\P3\P3\board" -I"D:\nxp\SEBMI\P3\P3\source" -I"D:\nxp\SEBMI\P3\P3\drivers" -I"D:\nxp\SEBMI\P3\P3\utilities" -I"D:\nxp\SEBMI\P3\P3\component\serial_manager" -I"D:\nxp\SEBMI\P3\P3\component\uart" -I"D:\nxp\SEBMI\P3\P3\component\lists" -I"D:\nxp\SEBMI\P3\P3\CMSIS" -I"D:\nxp\SEBMI\P3\P3\device" -O0 -fno-common -g3 -Wall -c -ffunction-sections -fdata-sections -ffreestanding -fno-builtin -fmerge-constants -fmacro-prefix-map="../source/"= -mcpu=cortex-m4 -mfpu=fpv4-sp-d16 -mfloat-abi=hard -mthumb -D__REDLIB__ -fstack-usage -specs=redlib.specs -MMD -MP -MF"source/LCD_nokia.d" -MT"source/LCD_nokia.o" -MT"source/LCD_nokia.d" -o "source/LCD_nokia.o" "../source/LCD_nokia.c"
Invoking: MCU C Compiler
Finished building: ../source/FlexTimer.c
arm-none-eabi-gcc -D__REDLIB__ -DCPU_MK64FN1M0VLL12 -DCPU_MK64FN1M0VLL12_cm4 -DSDK_OS_BAREMETAL -DSERIAL_PORT_TYPE_UART=1 -DSDK_DEBUGCONSOLE=1 -DCR_INTEGER_PRINTF -DPRINTF_FLOAT_ENABLE=0 -D__MCUXPRESSO -D__USE_CMSIS -DDEBUG -I"D:\nxp\SEBMI\P3\P3\board" -I"D:\nxp\SEBMI\P3\P3\source" -I"D:\nxp\SEBMI\P3\P3\drivers" -I"D:\nxp\SEBMI\P3\P3\utilities" -I"D:\nxp\SEBMI\P3\P3\component\serial_manager" -I"D:\nxp\SEBMI\P3\P3\component\uart" -I"D:\nxp\SEBMI\P3\P3\component\lists" -I"D:\nxp\SEBMI\P3\P3\CMSIS" -I"D:\nxp\SEBMI\P3\P3\device" -O0 -fno-common -g3 -Wall -c -ffunction-sections -fdata-sections -ffreestanding -fno-builtin -fmerge-constants -fmacro-prefix-map="../source/"= -mcpu=cortex-m4 -mfpu=fpv4-sp-d16 -mfloat-abi=hard -mthumb -D__REDLIB__ -fstack-usage -specs=redlib.specs -MMD -MP -MF"source/LCD_nokia_images.d" -MT"source/LCD_nokia_images.o" -MT"source/LCD_nokia_images.d" -o "source/LCD_nokia_images.o" "../source/LCD_nokia_images.c"
 
Finished building: ../utilities/fsl_str.c
Building file: ../source/MainMenu.c
 
Invoking: MCU C Compiler
arm-none-eabi-gcc -D__REDLIB__ -DCPU_MK64FN1M0VLL12 -DCPU_MK64FN1M0VLL12_cm4 -DSDK_OS_BAREMETAL -DSERIAL_PORT_TYPE_UART=1 -DSDK_DEBUGCONSOLE=1 -DCR_INTEGER_PRINTF -DPRINTF_FLOAT_ENABLE=0 -D__MCUXPRESSO -D__USE_CMSIS -DDEBUG -I"D:\nxp\SEBMI\P3\P3\board" -I"D:\nxp\SEBMI\P3\P3\source" -I"D:\nxp\SEBMI\P3\P3\drivers" -I"D:\nxp\SEBMI\P3\P3\utilities" -I"D:\nxp\SEBMI\P3\P3\component\serial_manager" -I"D:\nxp\SEBMI\P3\P3\component\uart" -I"D:\nxp\SEBMI\P3\P3\component\lists" -I"D:\nxp\SEBMI\P3\P3\CMSIS" -I"D:\nxp\SEBMI\P3\P3\device" -O0 -fno-common -g3 -Wall -c -ffunction-sections -fdata-sections -ffreestanding -fno-builtin -fmerge-constants -fmacro-prefix-map="../source/"= -mcpu=cortex-m4 -mfpu=fpv4-sp-d16 -mfloat-abi=hard -mthumb -D__REDLIB__ -fstack-usage -specs=redlib.specs -MMD -MP -MF"source/MainMenu.d" -MT"source/MainMenu.o" -MT"source/MainMenu.d" -o "source/MainMenu.o" "../source/MainMenu.c"
Finished building: ../utilities/fsl_debug_console.c
Building file: ../source/NVIC.c
 
Invoking: MCU C Compiler
arm-none-eabi-gcc -D__REDLIB__ -DCPU_MK64FN1M0VLL12 -DCPU_MK64FN1M0VLL12_cm4 -DSDK_OS_BAREMETAL -DSERIAL_PORT_TYPE_UART=1 -DSDK_DEBUGCONSOLE=1 -DCR_INTEGER_PRINTF -DPRINTF_FLOAT_ENABLE=0 -D__MCUXPRESSO -D__USE_CMSIS -DDEBUG -I"D:\nxp\SEBMI\P3\P3\board" -I"D:\nxp\SEBMI\P3\P3\source" -I"D:\nxp\SEBMI\P3\P3\drivers" -I"D:\nxp\SEBMI\P3\P3\utilities" -I"D:\nxp\SEBMI\P3\P3\component\serial_manager" -I"D:\nxp\SEBMI\P3\P3\component\uart" -I"D:\nxp\SEBMI\P3\P3\component\lists" -I"D:\nxp\SEBMI\P3\P3\CMSIS" -I"D:\nxp\SEBMI\P3\P3\device" -O0 -fno-common -g3 -Wall -c -ffunction-sections -fdata-sections -ffreestanding -fno-builtin -fmerge-constants -fmacro-prefix-map="../source/"= -mcpu=cortex-m4 -mfpu=fpv4-sp-d16 -mfloat-abi=hard -mthumb -D__REDLIB__ -fstack-usage -specs=redlib.specs -MMD -MP -MF"source/NVIC.d" -MT"source/NVIC.o" -MT"source/NVIC.d" -o "source/NVIC.o" "../source/NVIC.c"
Building file: ../source/PIT.c
Invoking: MCU C Compiler
arm-none-eabi-gcc -D__REDLIB__ -DCPU_MK64FN1M0VLL12 -DCPU_MK64FN1M0VLL12_cm4 -DSDK_OS_BAREMETAL -DSERIAL_PORT_TYPE_UART=1 -DSDK_DEBUGCONSOLE=1 -DCR_INTEGER_PRINTF -DPRINTF_FLOAT_ENABLE=0 -D__MCUXPRESSO -D__USE_CMSIS -DDEBUG -I"D:\nxp\SEBMI\P3\P3\board" -I"D:\nxp\SEBMI\P3\P3\source" -I"D:\nxp\SEBMI\P3\P3\drivers" -I"D:\nxp\SEBMI\P3\P3\utilities" -I"D:\nxp\SEBMI\P3\P3\component\serial_manager" -I"D:\nxp\SEBMI\P3\P3\component\uart" -I"D:\nxp\SEBMI\P3\P3\component\lists" -I"D:\nxp\SEBMI\P3\P3\CMSIS" -I"D:\nxp\SEBMI\P3\P3\device" -O0 -fno-common -g3 -Wall -c -ffunction-sections -fdata-sections -ffreestanding -fno-builtin -fmerge-constants -fmacro-prefix-map="../source/"= -mcpu=cortex-m4 -mfpu=fpv4-sp-d16 -mfloat-abi=hard -mthumb -D__REDLIB__ -fstack-usage -specs=redlib.specs -MMD -MP -MF"source/PIT.d" -MT"source/PIT.o" -MT"source/PIT.d" -o "source/PIT.o" "../source/PIT.c"
Finished building: ../source/LCD_nokia_images.c
 
Finished building: ../source/Frequency.c
../source/PIT.c: In function 'PIT0_IRQHandler':
../source/PIT.c:103:20: warning: variable 'dummyRead' set but not used [-Wunused-but-set-variable]
  103 |  volatile uint32_t dummyRead;
      |                    ^~~~~~~~~
../source/PIT.c: In function 'PIT1_IRQHandler':
../source/PIT.c:115:20: warning: variable 'dummyRead' set but not used [-Wunused-but-set-variable]
  115 |  volatile uint32_t dummyRead;
      |                    ^~~~~~~~~
../source/PIT.c: In function 'PIT2_IRQHandler':
../source/PIT.c:127:20: warning: variable 'dummyRead' set but not used [-Wunused-but-set-variable]
  127 |  volatile uint32_t dummyRead;
      |                    ^~~~~~~~~
../source/PIT.c: In function 'PIT3_IRQHandler':
../source/PIT.c:139:20: warning: variable 'dummyRead' set but not used [-Wunused-but-set-variable]
Finished building: ../source/GPIO.c
  139 |  volatile uint32_t dummyRead;
      |                    ^~~~~~~~~
Finished building: ../source/Frec_System_Clock.c
Building file: ../source/RGB_led.c
 
 
 
Invoking: MCU C Compiler
arm-none-eabi-gcc -D__REDLIB__ -DCPU_MK64FN1M0VLL12 -DCPU_MK64FN1M0VLL12_cm4 -DSDK_OS_BAREMETAL -DSERIAL_PORT_TYPE_UART=1 -DSDK_DEBUGCONSOLE=1 -DCR_INTEGER_PRINTF -DPRINTF_FLOAT_ENABLE=0 -D__MCUXPRESSO -D__USE_CMSIS -DDEBUG -I"D:\nxp\SEBMI\P3\P3\board" -I"D:\nxp\SEBMI\P3\P3\source" -I"D:\nxp\SEBMI\P3\P3\drivers" -I"D:\nxp\SEBMI\P3\P3\utilities" -I"D:\nxp\SEBMI\P3\P3\component\serial_manager" -I"D:\nxp\SEBMI\P3\P3\component\uart" -I"D:\nxp\SEBMI\P3\P3\component\lists" -I"D:\nxp\SEBMI\P3\P3\CMSIS" -I"D:\nxp\SEBMI\P3\P3\device" -O0 -fno-common -g3 -Wall -c -ffunction-sections -fdata-sections -ffreestanding -fno-builtin -fmerge-constants -fmacro-prefix-map="../source/"= -mcpu=cortex-m4 -mfpu=fpv4-sp-d16 -mfloat-abi=hard -mthumb -D__REDLIB__ -fstack-usage -specs=redlib.specs -MMD -MP -MF"source/RGB_led.d" -MT"source/RGB_led.o" -MT"source/RGB_led.d" -o "source/RGB_led.o" "../source/RGB_led.c"
Building file: ../source/Switches.c
Building file: ../source/SPI.c
Building file: ../source/main.c
Invoking: MCU C Compiler
arm-none-eabi-gcc -D__REDLIB__ -DCPU_MK64FN1M0VLL12 -DCPU_MK64FN1M0VLL12_cm4 -DSDK_OS_BAREMETAL -DSERIAL_PORT_TYPE_UART=1 -DSDK_DEBUGCONSOLE=1 -DCR_INTEGER_PRINTF -DPRINTF_FLOAT_ENABLE=0 -D__MCUXPRESSO -D__USE_CMSIS -DDEBUG -I"D:\nxp\SEBMI\P3\P3\board" -I"D:\nxp\SEBMI\P3\P3\source" -I"D:\nxp\SEBMI\P3\P3\drivers" -I"D:\nxp\SEBMI\P3\P3\utilities" -I"D:\nxp\SEBMI\P3\P3\component\serial_manager" -I"D:\nxp\SEBMI\P3\P3\component\uart" -I"D:\nxp\SEBMI\P3\P3\component\lists" -I"D:\nxp\SEBMI\P3\P3\CMSIS" -I"D:\nxp\SEBMI\P3\P3\device" -O0 -fno-common -g3 -Wall -c -ffunction-sections -fdata-sections -ffreestanding -fno-builtin -fmerge-constants -fmacro-prefix-map="../source/"= -mcpu=cortex-m4 -mfpu=fpv4-sp-d16 -mfloat-abi=hard -mthumb -D__REDLIB__ -fstack-usage -specs=redlib.specs -MMD -MP -MF"source/Switches.d" -MT"source/Switches.o" -MT"source/Switches.d" -o "source/Switches.o" "../source/Switches.c"
Finished building: ../source/MainMenu.c
Finished building: ../source/LCD_nokia.c
Invoking: MCU C Compiler
Invoking: MCU C Compiler
 
arm-none-eabi-gcc -D__REDLIB__ -DCPU_MK64FN1M0VLL12 -DCPU_MK64FN1M0VLL12_cm4 -DSDK_OS_BAREMETAL -DSERIAL_PORT_TYPE_UART=1 -DSDK_DEBUGCONSOLE=1 -DCR_INTEGER_PRINTF -DPRINTF_FLOAT_ENABLE=0 -D__MCUXPRESSO -D__USE_CMSIS -DDEBUG -I"D:\nxp\SEBMI\P3\P3\board" -I"D:\nxp\SEBMI\P3\P3\source" -I"D:\nxp\SEBMI\P3\P3\drivers" -I"D:\nxp\SEBMI\P3\P3\utilities" -I"D:\nxp\SEBMI\P3\P3\component\serial_manager" -I"D:\nxp\SEBMI\P3\P3\component\uart" -I"D:\nxp\SEBMI\P3\P3\component\lists" -I"D:\nxp\SEBMI\P3\P3\CMSIS" -I"D:\nxp\SEBMI\P3\P3\device" -O0 -fno-common -g3 -Wall -c -ffunction-sections -fdata-sections -ffreestanding -fno-builtin -fmerge-constants -fmacro-prefix-map="../source/"= -mcpu=cortex-m4 -mfpu=fpv4-sp-d16 -mfloat-abi=hard -mthumb -D__REDLIB__ -fstack-usage -specs=redlib.specs -MMD -MP -MF"source/main.d" -MT"source/main.o" -MT"source/main.d" -o "source/main.o" "../source/main.c"
 
arm-none-eabi-gcc -D__REDLIB__ -DCPU_MK64FN1M0VLL12 -DCPU_MK64FN1M0VLL12_cm4 -DSDK_OS_BAREMETAL -DSERIAL_PORT_TYPE_UART=1 -DSDK_DEBUGCONSOLE=1 -DCR_INTEGER_PRINTF -DPRINTF_FLOAT_ENABLE=0 -D__MCUXPRESSO -D__USE_CMSIS -DDEBUG -I"D:\nxp\SEBMI\P3\P3\board" -I"D:\nxp\SEBMI\P3\P3\source" -I"D:\nxp\SEBMI\P3\P3\drivers" -I"D:\nxp\SEBMI\P3\P3\utilities" -I"D:\nxp\SEBMI\P3\P3\component\serial_manager" -I"D:\nxp\SEBMI\P3\P3\component\uart" -I"D:\nxp\SEBMI\P3\P3\component\lists" -I"D:\nxp\SEBMI\P3\P3\CMSIS" -I"D:\nxp\SEBMI\P3\P3\device" -O0 -fno-common -g3 -Wall -c -ffunction-sections -fdata-sections -ffreestanding -fno-builtin -fmerge-constants -fmacro-prefix-map="../source/"= -mcpu=cortex-m4 -mfpu=fpv4-sp-d16 -mfloat-abi=hard -mthumb -D__REDLIB__ -fstack-usage -specs=redlib.specs -MMD -MP -MF"source/SPI.d" -MT"source/SPI.o" -MT"source/SPI.d" -o "source/SPI.o" "../source/SPI.c"
Building file: ../source/semihost_hardfault.c
Building file: ../drivers/fsl_adc16.c
Invoking: MCU C Compiler
arm-none-eabi-gcc -D__REDLIB__ -DCPU_MK64FN1M0VLL12 -DCPU_MK64FN1M0VLL12_cm4 -DSDK_OS_BAREMETAL -DSERIAL_PORT_TYPE_UART=1 -DSDK_DEBUGCONSOLE=1 -DCR_INTEGER_PRINTF -DPRINTF_FLOAT_ENABLE=0 -D__MCUXPRESSO -D__USE_CMSIS -DDEBUG -I"D:\nxp\SEBMI\P3\P3\board" -I"D:\nxp\SEBMI\P3\P3\source" -I"D:\nxp\SEBMI\P3\P3\drivers" -I"D:\nxp\SEBMI\P3\P3\utilities" -I"D:\nxp\SEBMI\P3\P3\component\serial_manager" -I"D:\nxp\SEBMI\P3\P3\component\uart" -I"D:\nxp\SEBMI\P3\P3\component\lists" -I"D:\nxp\SEBMI\P3\P3\CMSIS" -I"D:\nxp\SEBMI\P3\P3\device" -O0 -fno-common -g3 -Wall -c -ffunction-sections -fdata-sections -ffreestanding -fno-builtin -fmerge-constants -fmacro-prefix-map="../source/"= -mcpu=cortex-m4 -mfpu=fpv4-sp-d16 -mfloat-abi=hard -mthumb -D__REDLIB__ -fstack-usage -specs=redlib.specs -MMD -MP -MF"source/semihost_hardfault.d" -MT"source/semihost_hardfault.o" -MT"source/semihost_hardfault.d" -o "source/semihost_hardfault.o" "../source/semihost_hardfault.c"
Invoking: MCU C Compiler
arm-none-eabi-gcc -D__REDLIB__ -DCPU_MK64FN1M0VLL12 -DCPU_MK64FN1M0VLL12_cm4 -DSDK_OS_BAREMETAL -DSERIAL_PORT_TYPE_UART=1 -DSDK_DEBUGCONSOLE=1 -DCR_INTEGER_PRINTF -DPRINTF_FLOAT_ENABLE=0 -D__MCUXPRESSO -D__USE_CMSIS -DDEBUG -I"D:\nxp\SEBMI\P3\P3\board" -I"D:\nxp\SEBMI\P3\P3\source" -I"D:\nxp\SEBMI\P3\P3\drivers" -I"D:\nxp\SEBMI\P3\P3\utilities" -I"D:\nxp\SEBMI\P3\P3\component\serial_manager" -I"D:\nxp\SEBMI\P3\P3\component\uart" -I"D:\nxp\SEBMI\P3\P3\component\lists" -I"D:\nxp\SEBMI\P3\P3\CMSIS" -I"D:\nxp\SEBMI\P3\P3\device" -O0 -fno-common -g3 -Wall -c -ffunction-sections -fdata-sections -ffreestanding -fno-builtin -fmerge-constants -fmacro-prefix-map="../drivers/"= -mcpu=cortex-m4 -mfpu=fpv4-sp-d16 -mfloat-abi=hard -mthumb -D__REDLIB__ -fstack-usage -specs=redlib.specs -MMD -MP -MF"drivers/fsl_adc16.d" -MT"drivers/fsl_adc16.o" -MT"drivers/fsl_adc16.d" -o "drivers/fsl_adc16.o" "../drivers/fsl_adc16.c"
Finished building: ../source/NVIC.c
 
Finished building: ../source/PIT.c
Building file: ../drivers/fsl_clock.c
 
Invoking: MCU C Compiler
arm-none-eabi-gcc -D__REDLIB__ -DCPU_MK64FN1M0VLL12 -DCPU_MK64FN1M0VLL12_cm4 -DSDK_OS_BAREMETAL -DSERIAL_PORT_TYPE_UART=1 -DSDK_DEBUGCONSOLE=1 -DCR_INTEGER_PRINTF -DPRINTF_FLOAT_ENABLE=0 -D__MCUXPRESSO -D__USE_CMSIS -DDEBUG -I"D:\nxp\SEBMI\P3\P3\board" -I"D:\nxp\SEBMI\P3\P3\source" -I"D:\nxp\SEBMI\P3\P3\drivers" -I"D:\nxp\SEBMI\P3\P3\utilities" -I"D:\nxp\SEBMI\P3\P3\component\serial_manager" -I"D:\nxp\SEBMI\P3\P3\component\uart" -I"D:\nxp\SEBMI\P3\P3\component\lists" -I"D:\nxp\SEBMI\P3\P3\CMSIS" -I"D:\nxp\SEBMI\P3\P3\device" -O0 -fno-common -g3 -Wall -c -ffunction-sections -fdata-sections -ffreestanding -fno-builtin -fmerge-constants -fmacro-prefix-map="../drivers/"= -mcpu=cortex-m4 -mfpu=fpv4-sp-d16 -mfloat-abi=hard -mthumb -D__REDLIB__ -fstack-usage -specs=redlib.specs -MMD -MP -MF"drivers/fsl_clock.d" -MT"drivers/fsl_clock.o" -MT"drivers/fsl_clock.d" -o "drivers/fsl_clock.o" "../drivers/fsl_clock.c"
Building file: ../drivers/fsl_common.c
Invoking: MCU C Compiler
arm-none-eabi-gcc -D__REDLIB__ -DCPU_MK64FN1M0VLL12 -DCPU_MK64FN1M0VLL12_cm4 -DSDK_OS_BAREMETAL -DSERIAL_PORT_TYPE_UART=1 -DSDK_DEBUGCONSOLE=1 -DCR_INTEGER_PRINTF -DPRINTF_FLOAT_ENABLE=0 -D__MCUXPRESSO -D__USE_CMSIS -DDEBUG -I"D:\nxp\SEBMI\P3\P3\board" -I"D:\nxp\SEBMI\P3\P3\source" -I"D:\nxp\SEBMI\P3\P3\drivers" -I"D:\nxp\SEBMI\P3\P3\utilities" -I"D:\nxp\SEBMI\P3\P3\component\serial_manager" -I"D:\nxp\SEBMI\P3\P3\component\uart" -I"D:\nxp\SEBMI\P3\P3\component\lists" -I"D:\nxp\SEBMI\P3\P3\CMSIS" -I"D:\nxp\SEBMI\P3\P3\device" -O0 -fno-common -g3 -Wall -c -ffunction-sections -fdata-sections -ffreestanding -fno-builtin -fmerge-constants -fmacro-prefix-map="../drivers/"= -mcpu=cortex-m4 -mfpu=fpv4-sp-d16 -mfloat-abi=hard -mthumb -D__REDLIB__ -fstack-usage -specs=redlib.specs -MMD -MP -MF"drivers/fsl_common.d" -MT"drivers/fsl_common.o" -MT"drivers/fsl_common.d" -o "drivers/fsl_common.o" "../drivers/fsl_common.c"
Finished building: ../source/semihost_hardfault.c
Finished building: ../source/Switches.c
Finished building: ../source/RGB_led.c
 
 
 
Building file: ../drivers/fsl_common_arm.c
Building file: ../drivers/fsl_dspi.c
Building file: ../drivers/fsl_ftm.c
Invoking: MCU C Compiler
arm-none-eabi-gcc -D__REDLIB__ -DCPU_MK64FN1M0VLL12 -DCPU_MK64FN1M0VLL12_cm4 -DSDK_OS_BAREMETAL -DSERIAL_PORT_TYPE_UART=1 -DSDK_DEBUGCONSOLE=1 -DCR_INTEGER_PRINTF -DPRINTF_FLOAT_ENABLE=0 -D__MCUXPRESSO -D__USE_CMSIS -DDEBUG -I"D:\nxp\SEBMI\P3\P3\board" -I"D:\nxp\SEBMI\P3\P3\source" -I"D:\nxp\SEBMI\P3\P3\drivers" -I"D:\nxp\SEBMI\P3\P3\utilities" -I"D:\nxp\SEBMI\P3\P3\component\serial_manager" -I"D:\nxp\SEBMI\P3\P3\component\uart" -I"D:\nxp\SEBMI\P3\P3\component\lists" -I"D:\nxp\SEBMI\P3\P3\CMSIS" -I"D:\nxp\SEBMI\P3\P3\device" -O0 -fno-common -g3 -Wall -c -ffunction-sections -fdata-sections -ffreestanding -fno-builtin -fmerge-constants -fmacro-prefix-map="../drivers/"= -mcpu=cortex-m4 -mfpu=fpv4-sp-d16 -mfloat-abi=hard -mthumb -D__REDLIB__ -fstack-usage -specs=redlib.specs -MMD -MP -MF"drivers/fsl_dspi.d" -MT"drivers/fsl_dspi.o" -MT"drivers/fsl_dspi.d" -o "drivers/fsl_dspi.o" "../drivers/fsl_dspi.c"
Invoking: MCU C Compiler
arm-none-eabi-gcc -D__REDLIB__ -DCPU_MK64FN1M0VLL12 -DCPU_MK64FN1M0VLL12_cm4 -DSDK_OS_BAREMETAL -DSERIAL_PORT_TYPE_UART=1 -DSDK_DEBUGCONSOLE=1 -DCR_INTEGER_PRINTF -DPRINTF_FLOAT_ENABLE=0 -D__MCUXPRESSO -D__USE_CMSIS -DDEBUG -I"D:\nxp\SEBMI\P3\P3\board" -I"D:\nxp\SEBMI\P3\P3\source" -I"D:\nxp\SEBMI\P3\P3\drivers" -I"D:\nxp\SEBMI\P3\P3\utilities" -I"D:\nxp\SEBMI\P3\P3\component\serial_manager" -I"D:\nxp\SEBMI\P3\P3\component\uart" -I"D:\nxp\SEBMI\P3\P3\component\lists" -I"D:\nxp\SEBMI\P3\P3\CMSIS" -I"D:\nxp\SEBMI\P3\P3\device" -O0 -fno-common -g3 -Wall -c -ffunction-sections -fdata-sections -ffreestanding -fno-builtin -fmerge-constants -fmacro-prefix-map="../drivers/"= -mcpu=cortex-m4 -mfpu=fpv4-sp-d16 -mfloat-abi=hard -mthumb -D__REDLIB__ -fstack-usage -specs=redlib.specs -MMD -MP -MF"drivers/fsl_ftm.d" -MT"drivers/fsl_ftm.o" -MT"drivers/fsl_ftm.d" -o "drivers/fsl_ftm.o" "../drivers/fsl_ftm.c"
Finished building: ../source/SPI.c
Invoking: MCU C Compiler
Finished building: ../source/main.c
 
arm-none-eabi-gcc -D__REDLIB__ -DCPU_MK64FN1M0VLL12 -DCPU_MK64FN1M0VLL12_cm4 -DSDK_OS_BAREMETAL -DSERIAL_PORT_TYPE_UART=1 -DSDK_DEBUGCONSOLE=1 -DCR_INTEGER_PRINTF -DPRINTF_FLOAT_ENABLE=0 -D__MCUXPRESSO -D__USE_CMSIS -DDEBUG -I"D:\nxp\SEBMI\P3\P3\board" -I"D:\nxp\SEBMI\P3\P3\source" -I"D:\nxp\SEBMI\P3\P3\drivers" -I"D:\nxp\SEBMI\P3\P3\utilities" -I"D:\nxp\SEBMI\P3\P3\component\serial_manager" -I"D:\nxp\SEBMI\P3\P3\component\uart" -I"D:\nxp\SEBMI\P3\P3\component\lists" -I"D:\nxp\SEBMI\P3\P3\CMSIS" -I"D:\nxp\SEBMI\P3\P3\device" -O0 -fno-common -g3 -Wall -c -ffunction-sections -fdata-sections -ffreestanding -fno-builtin -fmerge-constants -fmacro-prefix-map="../drivers/"= -mcpu=cortex-m4 -mfpu=fpv4-sp-d16 -mfloat-abi=hard -mthumb -D__REDLIB__ -fstack-usage -specs=redlib.specs -MMD -MP -MF"drivers/fsl_common_arm.d" -MT"drivers/fsl_common_arm.o" -MT"drivers/fsl_common_arm.d" -o "drivers/fsl_common_arm.o" "../drivers/fsl_common_arm.c"
 
Building file: ../drivers/fsl_gpio.c
Building file: ../drivers/fsl_i2c.c
Invoking: MCU C Compiler
Invoking: MCU C Compiler
arm-none-eabi-gcc -D__REDLIB__ -DCPU_MK64FN1M0VLL12 -DCPU_MK64FN1M0VLL12_cm4 -DSDK_OS_BAREMETAL -DSERIAL_PORT_TYPE_UART=1 -DSDK_DEBUGCONSOLE=1 -DCR_INTEGER_PRINTF -DPRINTF_FLOAT_ENABLE=0 -D__MCUXPRESSO -D__USE_CMSIS -DDEBUG -I"D:\nxp\SEBMI\P3\P3\board" -I"D:\nxp\SEBMI\P3\P3\source" -I"D:\nxp\SEBMI\P3\P3\drivers" -I"D:\nxp\SEBMI\P3\P3\utilities" -I"D:\nxp\SEBMI\P3\P3\component\serial_manager" -I"D:\nxp\SEBMI\P3\P3\component\uart" -I"D:\nxp\SEBMI\P3\P3\component\lists" -I"D:\nxp\SEBMI\P3\P3\CMSIS" -I"D:\nxp\SEBMI\P3\P3\device" -O0 -fno-common -g3 -Wall -c -ffunction-sections -fdata-sections -ffreestanding -fno-builtin -fmerge-constants -fmacro-prefix-map="../drivers/"= -mcpu=cortex-m4 -mfpu=fpv4-sp-d16 -mfloat-abi=hard -mthumb -D__REDLIB__ -fstack-usage -specs=redlib.specs -MMD -MP -MF"drivers/fsl_gpio.d" -MT"drivers/fsl_gpio.o" -MT"drivers/fsl_gpio.d" -o "drivers/fsl_gpio.o" "../drivers/fsl_gpio.c"
arm-none-eabi-gcc -D__REDLIB__ -DCPU_MK64FN1M0VLL12 -DCPU_MK64FN1M0VLL12_cm4 -DSDK_OS_BAREMETAL -DSERIAL_PORT_TYPE_UART=1 -DSDK_DEBUGCONSOLE=1 -DCR_INTEGER_PRINTF -DPRINTF_FLOAT_ENABLE=0 -D__MCUXPRESSO -D__USE_CMSIS -DDEBUG -I"D:\nxp\SEBMI\P3\P3\board" -I"D:\nxp\SEBMI\P3\P3\source" -I"D:\nxp\SEBMI\P3\P3\drivers" -I"D:\nxp\SEBMI\P3\P3\utilities" -I"D:\nxp\SEBMI\P3\P3\component\serial_manager" -I"D:\nxp\SEBMI\P3\P3\component\uart" -I"D:\nxp\SEBMI\P3\P3\component\lists" -I"D:\nxp\SEBMI\P3\P3\CMSIS" -I"D:\nxp\SEBMI\P3\P3\device" -O0 -fno-common -g3 -Wall -c -ffunction-sections -fdata-sections -ffreestanding -fno-builtin -fmerge-constants -fmacro-prefix-map="../drivers/"= -mcpu=cortex-m4 -mfpu=fpv4-sp-d16 -mfloat-abi=hard -mthumb -D__REDLIB__ -fstack-usage -specs=redlib.specs -MMD -MP -MF"drivers/fsl_i2c.d" -MT"drivers/fsl_i2c.o" -MT"drivers/fsl_i2c.d" -o "drivers/fsl_i2c.o" "../drivers/fsl_i2c.c"
Finished building: ../drivers/fsl_adc16.c
 
Building file: ../drivers/fsl_smc.c
Invoking: MCU C Compiler
arm-none-eabi-gcc -D__REDLIB__ -DCPU_MK64FN1M0VLL12 -DCPU_MK64FN1M0VLL12_cm4 -DSDK_OS_BAREMETAL -DSERIAL_PORT_TYPE_UART=1 -DSDK_DEBUGCONSOLE=1 -DCR_INTEGER_PRINTF -DPRINTF_FLOAT_ENABLE=0 -D__MCUXPRESSO -D__USE_CMSIS -DDEBUG -I"D:\nxp\SEBMI\P3\P3\board" -I"D:\nxp\SEBMI\P3\P3\source" -I"D:\nxp\SEBMI\P3\P3\drivers" -I"D:\nxp\SEBMI\P3\P3\utilities" -I"D:\nxp\SEBMI\P3\P3\component\serial_manager" -I"D:\nxp\SEBMI\P3\P3\component\uart" -I"D:\nxp\SEBMI\P3\P3\component\lists" -I"D:\nxp\SEBMI\P3\P3\CMSIS" -I"D:\nxp\SEBMI\P3\P3\device" -O0 -fno-common -g3 -Wall -c -ffunction-sections -fdata-sections -ffreestanding -fno-builtin -fmerge-constants -fmacro-prefix-map="../drivers/"= -mcpu=cortex-m4 -mfpu=fpv4-sp-d16 -mfloat-abi=hard -mthumb -D__REDLIB__ -fstack-usage -specs=redlib.specs -MMD -MP -MF"drivers/fsl_smc.d" -MT"drivers/fsl_smc.o" -MT"drivers/fsl_smc.d" -o "drivers/fsl_smc.o" "../drivers/fsl_smc.c"
Finished building: ../drivers/fsl_common.c
 
Building file: ../drivers/fsl_uart.c
Invoking: MCU C Compiler
Finished building: ../drivers/fsl_clock.c
arm-none-eabi-gcc -D__REDLIB__ -DCPU_MK64FN1M0VLL12 -DCPU_MK64FN1M0VLL12_cm4 -DSDK_OS_BAREMETAL -DSERIAL_PORT_TYPE_UART=1 -DSDK_DEBUGCONSOLE=1 -DCR_INTEGER_PRINTF -DPRINTF_FLOAT_ENABLE=0 -D__MCUXPRESSO -D__USE_CMSIS -DDEBUG -I"D:\nxp\SEBMI\P3\P3\board" -I"D:\nxp\SEBMI\P3\P3\source" -I"D:\nxp\SEBMI\P3\P3\drivers" -I"D:\nxp\SEBMI\P3\P3\utilities" -I"D:\nxp\SEBMI\P3\P3\component\serial_manager" -I"D:\nxp\SEBMI\P3\P3\component\uart" -I"D:\nxp\SEBMI\P3\P3\component\lists" -I"D:\nxp\SEBMI\P3\P3\CMSIS" -I"D:\nxp\SEBMI\P3\P3\device" -O0 -fno-common -g3 -Wall -c -ffunction-sections -fdata-sections -ffreestanding -fno-builtin -fmerge-constants -fmacro-prefix-map="../drivers/"= -mcpu=cortex-m4 -mfpu=fpv4-sp-d16 -mfloat-abi=hard -mthumb -D__REDLIB__ -fstack-usage -specs=redlib.specs -MMD -MP -MF"drivers/fsl_uart.d" -MT"drivers/fsl_uart.o" -MT"drivers/fsl_uart.d" -o "drivers/fsl_uart.o" "../drivers/fsl_uart.c"
 
Building file: ../device/system_MK64F12.c
Invoking: MCU C Compiler
arm-none-eabi-gcc -D__REDLIB__ -DCPU_MK64FN1M0VLL12 -DCPU_MK64FN1M0VLL12_cm4 -DSDK_OS_BAREMETAL -DSERIAL_PORT_TYPE_UART=1 -DSDK_DEBUGCONSOLE=1 -DCR_INTEGER_PRINTF -DPRINTF_FLOAT_ENABLE=0 -D__MCUXPRESSO -D__USE_CMSIS -DDEBUG -I"D:\nxp\SEBMI\P3\P3\board" -I"D:\nxp\SEBMI\P3\P3\source" -I"D:\nxp\SEBMI\P3\P3\drivers" -I"D:\nxp\SEBMI\P3\P3\utilities" -I"D:\nxp\SEBMI\P3\P3\component\serial_manager" -I"D:\nxp\SEBMI\P3\P3\component\uart" -I"D:\nxp\SEBMI\P3\P3\component\lists" -I"D:\nxp\SEBMI\P3\P3\CMSIS" -I"D:\nxp\SEBMI\P3\P3\device" -O0 -fno-common -g3 -Wall -c -ffunction-sections -fdata-sections -ffreestanding -fno-builtin -fmerge-constants -fmacro-prefix-map="../device/"= -mcpu=cortex-m4 -mfpu=fpv4-sp-d16 -mfloat-abi=hard -mthumb -D__REDLIB__ -fstack-usage -specs=redlib.specs -MMD -MP -MF"device/system_MK64F12.d" -MT"device/system_MK64F12.o" -MT"device/system_MK64F12.d" -o "device/system_MK64F12.o" "../device/system_MK64F12.c"
Finished building: ../drivers/fsl_ftm.c
 
Finished building: ../drivers/fsl_common_arm.c
Building file: ../component/uart/fsl_adapter_uart.c
Finished building: ../drivers/fsl_gpio.c
 
Building file: ../component/serial_manager/fsl_component_serial_manager.c
Invoking: MCU C Compiler
arm-none-eabi-gcc -D__REDLIB__ -DCPU_MK64FN1M0VLL12 -DCPU_MK64FN1M0VLL12_cm4 -DSDK_OS_BAREMETAL -DSERIAL_PORT_TYPE_UART=1 -DSDK_DEBUGCONSOLE=1 -DCR_INTEGER_PRINTF -DPRINTF_FLOAT_ENABLE=0 -D__MCUXPRESSO -D__USE_CMSIS -DDEBUG -I"D:\nxp\SEBMI\P3\P3\board" -I"D:\nxp\SEBMI\P3\P3\source" -I"D:\nxp\SEBMI\P3\P3\drivers" -I"D:\nxp\SEBMI\P3\P3\utilities" -I"D:\nxp\SEBMI\P3\P3\component\serial_manager" -I"D:\nxp\SEBMI\P3\P3\component\uart" -I"D:\nxp\SEBMI\P3\P3\component\lists" -I"D:\nxp\SEBMI\P3\P3\CMSIS" -I"D:\nxp\SEBMI\P3\P3\device" -O0 -fno-common -g3 -Wall -c -ffunction-sections -fdata-sections -ffreestanding -fno-builtin -fmerge-constants -fmacro-prefix-map="../component/uart/"= -mcpu=cortex-m4 -mfpu=fpv4-sp-d16 -mfloat-abi=hard -mthumb -D__REDLIB__ -fstack-usage -specs=redlib.specs -MMD -MP -MF"component/uart/fsl_adapter_uart.d" -MT"component/uart/fsl_adapter_uart.o" -MT"component/uart/fsl_adapter_uart.d" -o "component/uart/fsl_adapter_uart.o" "../component/uart/fsl_adapter_uart.c"
 
Invoking: MCU C Compiler
arm-none-eabi-gcc -D__REDLIB__ -DCPU_MK64FN1M0VLL12 -DCPU_MK64FN1M0VLL12_cm4 -DSDK_OS_BAREMETAL -DSERIAL_PORT_TYPE_UART=1 -DSDK_DEBUGCONSOLE=1 -DCR_INTEGER_PRINTF -DPRINTF_FLOAT_ENABLE=0 -D__MCUXPRESSO -D__USE_CMSIS -DDEBUG -I"D:\nxp\SEBMI\P3\P3\board" -I"D:\nxp\SEBMI\P3\P3\source" -I"D:\nxp\SEBMI\P3\P3\drivers" -I"D:\nxp\SEBMI\P3\P3\utilities" -I"D:\nxp\SEBMI\P3\P3\component\serial_manager" -I"D:\nxp\SEBMI\P3\P3\component\uart" -I"D:\nxp\SEBMI\P3\P3\component\lists" -I"D:\nxp\SEBMI\P3\P3\CMSIS" -I"D:\nxp\SEBMI\P3\P3\device" -O0 -fno-common -g3 -Wall -c -ffunction-sections -fdata-sections -ffreestanding -fno-builtin -fmerge-constants -fmacro-prefix-map="../component/serial_manager/"= -mcpu=cortex-m4 -mfpu=fpv4-sp-d16 -mfloat-abi=hard -mthumb -D__REDLIB__ -fstack-usage -specs=redlib.specs -MMD -MP -MF"component/serial_manager/fsl_component_serial_manager.d" -MT"component/serial_manager/fsl_component_serial_manager.o" -MT"component/serial_manager/fsl_component_serial_manager.d" -o "component/serial_manager/fsl_component_serial_manager.o" "../component/serial_manager/fsl_component_serial_manager.c"
Building file: ../component/serial_manager/fsl_component_serial_port_uart.c
Finished building: ../drivers/fsl_dspi.c
Invoking: MCU C Compiler
 
arm-none-eabi-gcc -D__REDLIB__ -DCPU_MK64FN1M0VLL12 -DCPU_MK64FN1M0VLL12_cm4 -DSDK_OS_BAREMETAL -DSERIAL_PORT_TYPE_UART=1 -DSDK_DEBUGCONSOLE=1 -DCR_INTEGER_PRINTF -DPRINTF_FLOAT_ENABLE=0 -D__MCUXPRESSO -D__USE_CMSIS -DDEBUG -I"D:\nxp\SEBMI\P3\P3\board" -I"D:\nxp\SEBMI\P3\P3\source" -I"D:\nxp\SEBMI\P3\P3\drivers" -I"D:\nxp\SEBMI\P3\P3\utilities" -I"D:\nxp\SEBMI\P3\P3\component\serial_manager" -I"D:\nxp\SEBMI\P3\P3\component\uart" -I"D:\nxp\SEBMI\P3\P3\component\lists" -I"D:\nxp\SEBMI\P3\P3\CMSIS" -I"D:\nxp\SEBMI\P3\P3\device" -O0 -fno-common -g3 -Wall -c -ffunction-sections -fdata-sections -ffreestanding -fno-builtin -fmerge-constants -fmacro-prefix-map="../component/serial_manager/"= -mcpu=cortex-m4 -mfpu=fpv4-sp-d16 -mfloat-abi=hard -mthumb -D__REDLIB__ -fstack-usage -specs=redlib.specs -MMD -MP -MF"component/serial_manager/fsl_component_serial_port_uart.d" -MT"component/serial_manager/fsl_component_serial_port_uart.o" -MT"component/serial_manager/fsl_component_serial_port_uart.d" -o "component/serial_manager/fsl_component_serial_port_uart.o" "../component/serial_manager/fsl_component_serial_port_uart.c"
Building file: ../component/lists/fsl_component_generic_list.c
Invoking: MCU C Compiler
Finished building: ../drivers/fsl_i2c.c
arm-none-eabi-gcc -D__REDLIB__ -DCPU_MK64FN1M0VLL12 -DCPU_MK64FN1M0VLL12_cm4 -DSDK_OS_BAREMETAL -DSERIAL_PORT_TYPE_UART=1 -DSDK_DEBUGCONSOLE=1 -DCR_INTEGER_PRINTF -DPRINTF_FLOAT_ENABLE=0 -D__MCUXPRESSO -D__USE_CMSIS -DDEBUG -I"D:\nxp\SEBMI\P3\P3\board" -I"D:\nxp\SEBMI\P3\P3\source" -I"D:\nxp\SEBMI\P3\P3\drivers" -I"D:\nxp\SEBMI\P3\P3\utilities" -I"D:\nxp\SEBMI\P3\P3\component\serial_manager" -I"D:\nxp\SEBMI\P3\P3\component\uart" -I"D:\nxp\SEBMI\P3\P3\component\lists" -I"D:\nxp\SEBMI\P3\P3\CMSIS" -I"D:\nxp\SEBMI\P3\P3\device" -O0 -fno-common -g3 -Wall -c -ffunction-sections -fdata-sections -ffreestanding -fno-builtin -fmerge-constants -fmacro-prefix-map="../component/lists/"= -mcpu=cortex-m4 -mfpu=fpv4-sp-d16 -mfloat-abi=hard -mthumb -D__REDLIB__ -fstack-usage -specs=redlib.specs -MMD -MP -MF"component/lists/fsl_component_generic_list.d" -MT"component/lists/fsl_component_generic_list.o" -MT"component/lists/fsl_component_generic_list.d" -o "component/lists/fsl_component_generic_list.o" "../component/lists/fsl_component_generic_list.c"
 
Building file: ../board/board.c
Finished building: ../drivers/fsl_smc.c
Invoking: MCU C Compiler
arm-none-eabi-gcc -D__REDLIB__ -DCPU_MK64FN1M0VLL12 -DCPU_MK64FN1M0VLL12_cm4 -DSDK_OS_BAREMETAL -DSERIAL_PORT_TYPE_UART=1 -DSDK_DEBUGCONSOLE=1 -DCR_INTEGER_PRINTF -DPRINTF_FLOAT_ENABLE=0 -D__MCUXPRESSO -D__USE_CMSIS -DDEBUG -I"D:\nxp\SEBMI\P3\P3\board" -I"D:\nxp\SEBMI\P3\P3\source" -I"D:\nxp\SEBMI\P3\P3\drivers" -I"D:\nxp\SEBMI\P3\P3\utilities" -I"D:\nxp\SEBMI\P3\P3\component\serial_manager" -I"D:\nxp\SEBMI\P3\P3\component\uart" -I"D:\nxp\SEBMI\P3\P3\component\lists" -I"D:\nxp\SEBMI\P3\P3\CMSIS" -I"D:\nxp\SEBMI\P3\P3\device" -O0 -fno-common -g3 -Wall -c -ffunction-sections -fdata-sections -ffreestanding -fno-builtin -fmerge-constants -fmacro-prefix-map="../board/"= -mcpu=cortex-m4 -mfpu=fpv4-sp-d16 -mfloat-abi=hard -mthumb -D__REDLIB__ -fstack-usage -specs=redlib.specs -MMD -MP -MF"board/board.d" -MT"board/board.o" -MT"board/board.d" -o "board/board.o" "../board/board.c"
 
Building file: ../board/clock_config.c
Invoking: MCU C Compiler
arm-none-eabi-gcc -D__REDLIB__ -DCPU_MK64FN1M0VLL12 -DCPU_MK64FN1M0VLL12_cm4 -DSDK_OS_BAREMETAL -DSERIAL_PORT_TYPE_UART=1 -DSDK_DEBUGCONSOLE=1 -DCR_INTEGER_PRINTF -DPRINTF_FLOAT_ENABLE=0 -D__MCUXPRESSO -D__USE_CMSIS -DDEBUG -I"D:\nxp\SEBMI\P3\P3\board" -I"D:\nxp\SEBMI\P3\P3\source" -I"D:\nxp\SEBMI\P3\P3\drivers" -I"D:\nxp\SEBMI\P3\P3\utilities" -I"D:\nxp\SEBMI\P3\P3\component\serial_manager" -I"D:\nxp\SEBMI\P3\P3\component\uart" -I"D:\nxp\SEBMI\P3\P3\component\lists" -I"D:\nxp\SEBMI\P3\P3\CMSIS" -I"D:\nxp\SEBMI\P3\P3\device" -O0 -fno-common -g3 -Wall -c -ffunction-sections -fdata-sections -ffreestanding -fno-builtin -fmerge-constants -fmacro-prefix-map="../board/"= -mcpu=cortex-m4 -mfpu=fpv4-sp-d16 -mfloat-abi=hard -mthumb -D__REDLIB__ -fstack-usage -specs=redlib.specs -MMD -MP -MF"board/clock_config.d" -MT"board/clock_config.o" -MT"board/clock_config.d" -o "board/clock_config.o" "../board/clock_config.c"
Finished building: ../device/system_MK64F12.c
 
Finished building: ../component/uart/fsl_adapter_uart.c
Finished building: ../drivers/fsl_uart.c
Building file: ../board/peripherals.c
 
Finished building: ../component/serial_manager/fsl_component_serial_manager.c
Finished building: ../component/serial_manager/fsl_component_serial_port_uart.c
 
Invoking: MCU C Compiler
arm-none-eabi-gcc -D__REDLIB__ -DCPU_MK64FN1M0VLL12 -DCPU_MK64FN1M0VLL12_cm4 -DSDK_OS_BAREMETAL -DSERIAL_PORT_TYPE_UART=1 -DSDK_DEBUGCONSOLE=1 -DCR_INTEGER_PRINTF -DPRINTF_FLOAT_ENABLE=0 -D__MCUXPRESSO -D__USE_CMSIS -DDEBUG -I"D:\nxp\SEBMI\P3\P3\board" -I"D:\nxp\SEBMI\P3\P3\source" -I"D:\nxp\SEBMI\P3\P3\drivers" -I"D:\nxp\SEBMI\P3\P3\utilities" -I"D:\nxp\SEBMI\P3\P3\component\serial_manager" -I"D:\nxp\SEBMI\P3\P3\component\uart" -I"D:\nxp\SEBMI\P3\P3\component\lists" -I"D:\nxp\SEBMI\P3\P3\CMSIS" -I"D:\nxp\SEBMI\P3\P3\device" -O0 -fno-common -g3 -Wall -c -ffunction-sections -fdata-sections -ffreestanding -fno-builtin -fmerge-constants -fmacro-prefix-map="../board/"= -mcpu=cortex-m4 -mfpu=fpv4-sp-d16 -mfloat-abi=hard -mthumb -D__REDLIB__ -fstack-usage -specs=redlib.specs -MMD -MP -MF"board/peripherals.d" -MT"board/peripherals.o" -MT"board/peripherals.d" -o "board/peripherals.o" "../board/peripherals.c"
 
 
Building file: ../board/pin_mux.c
Invoking: MCU C Compiler
arm-none-eabi-gcc -D__REDLIB__ -DCPU_MK64FN1M0VLL12 -DCPU_MK64FN1M0VLL12_cm4 -DSDK_OS_BAREMETAL -DSERIAL_PORT_TYPE_UART=1 -DSDK_DEBUGCONSOLE=1 -DCR_INTEGER_PRINTF -DPRINTF_FLOAT_ENABLE=0 -D__MCUXPRESSO -D__USE_CMSIS -DDEBUG -I"D:\nxp\SEBMI\P3\P3\board" -I"D:\nxp\SEBMI\P3\P3\source" -I"D:\nxp\SEBMI\P3\P3\drivers" -I"D:\nxp\SEBMI\P3\P3\utilities" -I"D:\nxp\SEBMI\P3\P3\component\serial_manager" -I"D:\nxp\SEBMI\P3\P3\component\uart" -I"D:\nxp\SEBMI\P3\P3\component\lists" -I"D:\nxp\SEBMI\P3\P3\CMSIS" -I"D:\nxp\SEBMI\P3\P3\device" -O0 -fno-common -g3 -Wall -c -ffunction-sections -fdata-sections -ffreestanding -fno-builtin -fmerge-constants -fmacro-prefix-map="../board/"= -mcpu=cortex-m4 -mfpu=fpv4-sp-d16 -mfloat-abi=hard -mthumb -D__REDLIB__ -fstack-usage -specs=redlib.specs -MMD -MP -MF"board/pin_mux.d" -MT"board/pin_mux.o" -MT"board/pin_mux.d" -o "board/pin_mux.o" "../board/pin_mux.c"
Finished building: ../component/lists/fsl_component_generic_list.c
 
Finished building: ../board/peripherals.c
 
Finished building: ../board/board.c
 
Finished building: ../board/clock_config.c
 
Finished building: ../board/pin_mux.c
 
Building target: P3.axf
Invoking: MCU Linker
arm-none-eabi-gcc -nostdlib -Xlinker -Map="P3.map" -Xlinker --gc-sections -Xlinker -print-memory-usage -Xlinker --sort-section=alignment -Xlinker --cref -mcpu=cortex-m4 -mfpu=fpv4-sp-d16 -mfloat-abi=hard -mthumb -T P3_Debug.ld -o "P3.axf"  ./utilities/fsl_debug_console.o ./utilities/fsl_str.o  ./startup/startup_mk64f12.o  ./source/ADC.o ./source/Buttons.o ./source/Debouncer.o ./source/Delay.o ./source/FlexTimer.o ./source/Frec_System_Clock.o ./source/Frequency.o ./source/GPIO.o ./source/LCD_nokia.o ./source/LCD_nokia_images.o ./source/MainMenu.o ./source/NVIC.o ./source/PIT.o ./source/RGB_led.o ./source/SPI.o ./source/Switches.o ./source/main.o ./source/semihost_hardfault.o  ./drivers/fsl_adc16.o ./drivers/fsl_clock.o ./drivers/fsl_common.o ./drivers/fsl_common_arm.o ./drivers/fsl_dspi.o ./drivers/fsl_ftm.o ./drivers/fsl_gpio.o ./drivers/fsl_i2c.o ./drivers/fsl_smc.o ./drivers/fsl_uart.o  ./device/system_MK64F12.o  ./component/uart/fsl_adapter_uart.o  ./component/serial_manager/fsl_component_serial_manager.o ./component/serial_manager/fsl_component_serial_port_uart.o  ./component/lists/fsl_component_generic_list.o  ./board/board.o ./board/clock_config.o ./board/peripherals.o ./board/pin_mux.o   
Memory region         Used Size  Region Size  %age Used
   PROGRAM_FLASH:       21016 B         1 MB      2.00%
      SRAM_UPPER:       11680 B       192 KB      5.94%
      SRAM_LOWER:          0 GB        64 KB      0.00%
        FLEX_RAM:          0 GB         4 KB      0.00%
Finished building target: P3.axf
 
Performing post-build steps
arm-none-eabi-size "P3.axf"; # arm-none-eabi-objcopy -v -O binary "P3.axf" "P3.bin" ; # checksum -p MK64FN1M0xxx12 -d "P3.bin";
   text	   data	    bss	    dec	    hex	filename
  20896	    120	  11560	  32576	   7f40	P3.axf
 
21:56:41 **** Incremental Build of configuration Debug for project P3 ****
make -r -j8 all 
make[1]: Nothing to be done for 'main-build'.
Performing post-build steps
arm-none-eabi-size "P3.axf"; # arm-none-eabi-objcopy -v -O binary "P3.axf" "P3.bin" ; # checksum -p MK64FN1M0xxx12 -d "P3.bin";
   text	   data	    bss	    dec	    hex	filename
  20896	    120	  11560	  32576	   7f40	P3.axf
 
21:57:01 **** Incremental Build of configuration Debug for project P3 ****
make -r -j8 all 
make[1]: Nothing to be done for 'main-build'.
Performing post-build steps
arm-none-eabi-size "P3.axf"; # arm-none-eabi-objcopy -v -O binary "P3.axf" "P3.bin" ; # checksum -p MK64FN1M0xxx12 -d "P3.bin";
   text	   data	    bss	    dec	    hex	filename
  20896	    120	  11560	  32576	   7f40	P3.axf
 
