Archive member included to satisfy reference by file (symbol)

d:/nxp/mcuxpressoide_11.5.0_7232/ide/plugins/com.nxp.mcuxpresso.tools.win32_11.5.0.202107051138/tools/bin/../lib/gcc/arm-none-eabi/10.3.1/../../../../arm-none-eabi/lib/thumb/v7e-m+fp/hard\libcr_nohost_nf.a(_cr__main.o)
                              ./startup/startup_mk64f12.o (__main)
d:/nxp/mcuxpressoide_11.5.0_7232/ide/plugins/com.nxp.mcuxpresso.tools.win32_11.5.0.202107051138/tools/bin/../lib/gcc/arm-none-eabi/10.3.1/../../../../arm-none-eabi/lib/thumb/v7e-m+fp/hard\libcr_nohost_nf.a(_cr_assert.o)
                              ./drivers/fsl_adc16.o (__assertion_failed)
d:/nxp/mcuxpressoide_11.5.0_7232/ide/plugins/com.nxp.mcuxpresso.tools.win32_11.5.0.202107051138/tools/bin/../lib/gcc/arm-none-eabi/10.3.1/../../../../arm-none-eabi/lib/thumb/v7e-m+fp/hard\libcr_nohost_nf.a(__ciob.o)
                              d:/nxp/mcuxpressoide_11.5.0_7232/ide/plugins/com.nxp.mcuxpresso.tools.win32_11.5.0.202107051138/tools/bin/../lib/gcc/arm-none-eabi/10.3.1/../../../../arm-none-eabi/lib/thumb/v7e-m+fp/hard\libcr_nohost_nf.a(_cr_assert.o) (__Ciob)
d:/nxp/mcuxpressoide_11.5.0_7232/ide/plugins/com.nxp.mcuxpresso.tools.win32_11.5.0.202107051138/tools/bin/../lib/gcc/arm-none-eabi/10.3.1/../../../../arm-none-eabi/lib/thumb/v7e-m+fp/hard\libcr_nohost_nf.a(__sys_appexit.o)
                              d:/nxp/mcuxpressoide_11.5.0_7232/ide/plugins/com.nxp.mcuxpresso.tools.win32_11.5.0.202107051138/tools/bin/../lib/gcc/arm-none-eabi/10.3.1/../../../../arm-none-eabi/lib/thumb/v7e-m+fp/hard\libcr_nohost_nf.a(_cr_assert.o) (__sys_appexit)
d:/nxp/mcuxpressoide_11.5.0_7232/ide/plugins/com.nxp.mcuxpresso.tools.win32_11.5.0.202107051138/tools/bin/../lib/gcc/arm-none-eabi/10.3.1/../../../../arm-none-eabi/lib/thumb/v7e-m+fp/hard\libcr_c.a(memcpy.o)
                              ./utilities/fsl_str.o (memcpy)
d:/nxp/mcuxpressoide_11.5.0_7232/ide/plugins/com.nxp.mcuxpresso.tools.win32_11.5.0.202107051138/tools/bin/../lib/gcc/arm-none-eabi/10.3.1/../../../../arm-none-eabi/lib/thumb/v7e-m+fp/hard\libcr_c.a(memset.o)
                              ./utilities/fsl_debug_console.o (memset)
d:/nxp/mcuxpressoide_11.5.0_7232/ide/plugins/com.nxp.mcuxpresso.tools.win32_11.5.0.202107051138/tools/bin/../lib/gcc/arm-none-eabi/10.3.1/../../../../arm-none-eabi/lib/thumb/v7e-m+fp/hard\libcr_c.a(_deferredlazyseek.o)
                              d:/nxp/mcuxpressoide_11.5.0_7232/ide/plugins/com.nxp.mcuxpresso.tools.win32_11.5.0.202107051138/tools/bin/../lib/gcc/arm-none-eabi/10.3.1/../../../../arm-none-eabi/lib/thumb/v7e-m+fp/hard\libcr_nohost_nf.a(_cr_assert.o) (__flsbuf)
d:/nxp/mcuxpressoide_11.5.0_7232/ide/plugins/com.nxp.mcuxpresso.tools.win32_11.5.0.202107051138/tools/bin/../lib/gcc/arm-none-eabi/10.3.1/../../../../arm-none-eabi/lib/thumb/v7e-m+fp/hard\libcr_c.a(_fflush.o)
                              d:/nxp/mcuxpressoide_11.5.0_7232/ide/plugins/com.nxp.mcuxpresso.tools.win32_11.5.0.202107051138/tools/bin/../lib/gcc/arm-none-eabi/10.3.1/../../../../arm-none-eabi/lib/thumb/v7e-m+fp/hard\libcr_c.a(_deferredlazyseek.o) (_fflush)
d:/nxp/mcuxpressoide_11.5.0_7232/ide/plugins/com.nxp.mcuxpresso.tools.win32_11.5.0.202107051138/tools/bin/../lib/gcc/arm-none-eabi/10.3.1/../../../../arm-none-eabi/lib/thumb/v7e-m+fp/hard\libcr_c.a(_writebuf.o)
                              d:/nxp/mcuxpressoide_11.5.0_7232/ide/plugins/com.nxp.mcuxpresso.tools.win32_11.5.0.202107051138/tools/bin/../lib/gcc/arm-none-eabi/10.3.1/../../../../arm-none-eabi/lib/thumb/v7e-m+fp/hard\libcr_c.a(_deferredlazyseek.o) (_Cwritebuf)
d:/nxp/mcuxpressoide_11.5.0_7232/ide/plugins/com.nxp.mcuxpresso.tools.win32_11.5.0.202107051138/tools/bin/../lib/gcc/arm-none-eabi/10.3.1/../../../../arm-none-eabi/lib/thumb/v7e-m+fp/hard\libcr_c.a(alloc.o)
                              ./drivers/fsl_common.o (malloc)
d:/nxp/mcuxpressoide_11.5.0_7232/ide/plugins/com.nxp.mcuxpresso.tools.win32_11.5.0.202107051138/tools/bin/../lib/gcc/arm-none-eabi/10.3.1/../../../../arm-none-eabi/lib/thumb/v7e-m+fp/hard\libcr_c.a(errno.o)
                              ./utilities/fsl_str.o (errno)
d:/nxp/mcuxpressoide_11.5.0_7232/ide/plugins/com.nxp.mcuxpresso.tools.win32_11.5.0.202107051138/tools/bin/../lib/gcc/arm-none-eabi/10.3.1/../../../../arm-none-eabi/lib/thumb/v7e-m+fp/hard\libcr_c.a(fputs.o)
                              d:/nxp/mcuxpressoide_11.5.0_7232/ide/plugins/com.nxp.mcuxpresso.tools.win32_11.5.0.202107051138/tools/bin/../lib/gcc/arm-none-eabi/10.3.1/../../../../arm-none-eabi/lib/thumb/v7e-m+fp/hard\libcr_nohost_nf.a(_cr_assert.o) (fputs)
d:/nxp/mcuxpressoide_11.5.0_7232/ide/plugins/com.nxp.mcuxpresso.tools.win32_11.5.0.202107051138/tools/bin/../lib/gcc/arm-none-eabi/10.3.1/../../../../arm-none-eabi/lib/thumb/v7e-m+fp/hard\libcr_c.a(fseek.o)
[...]
Memory Configuration

Name             Origin             Length             Attributes
PROGRAM_FLASH    0x00000000         0x00100000         xr
SRAM_UPPER       0x20000000         0x00030000         xrw
SRAM_LOWER       0x1fff0000         0x00010000         xrw
FLEX_RAM         0x14000000         0x00001000         xrw
*default*        0x00000000         0xffffffff

Linker script and memory map

LOAD ./utilities/fsl_debug_console.o
LOAD ./utilities/fsl_str.o
LOAD ./startup/startup_mk64f12.o
LOAD ./source/ADC.o
LOAD ./source/Buttons.o
LOAD ./source/Debouncer.o
LOAD ./source/Delay.o
LOAD ./source/FlexTimer.o
LOAD ./source/Frec_System_Clock.o
LOAD ./source/Frequency.o
LOAD ./source/GPIO.o
LOAD ./source/LCD_nokia.o
LOAD ./source/LCD_nokia_images.o
LOAD ./source/MainMenu.o
LOAD ./source/NVIC.o
LOAD ./source/PIT.o
LOAD ./source/RGB_led.o
LOAD ./source/SPI.o
LOAD ./source/Switches.o
LOAD ./source/main.o
LOAD ./source/semihost_hardfault.o
LOAD ./drivers/fsl_adc16.o
LOAD ./drivers/fsl_clock.o
LOAD ./drivers/fsl_common.o
LOAD ./drivers/fsl_common_arm.o
LOAD ./drivers/fsl_dspi.o
LOAD ./drivers/fsl_ftm.o
LOAD ./drivers/fsl_gpio.o
LOAD ./drivers/fsl_i2c.o
LOAD ./drivers/fsl_smc.o
LOAD ./drivers/fsl_uart.o
LOAD ./device/system_MK64F12.o
LOAD ./component/uart/fsl_adapter_uart.o
LOAD ./component/serial_manager/fsl_component_serial_manager.o
LOAD ./component/serial_manager/fsl_component_serial_port_uart.o
LOAD ./component/lists/fsl_component_generic_list.o
LOAD ./board/board.o
LOAD ./board/clock_config.o
LOAD ./board/peripherals.o
LOAD ./board/pin_mux.o
START GROUP
LOAD d:/nxp/mcuxpressoide_11.5.0_7232/ide/plugins/com.nxp.mcuxpresso.tools.win32_11.5.0.202107051138/tools/bin/../lib/gcc/arm-none-eabi/10.3.1/../../../../arm-none-eabi/lib/thumb/v7e-m+fp/hard\libcr_nohost_nf.a
LOAD d:/nxp/mcuxpressoide_11.5.0_7232/ide/plugins/com.nxp.mcuxpresso.tools.win32_11.5.0.202107051138/tools/bin/../lib/gcc/arm-none-eabi/10.3.1/../../../../arm-none-eabi/lib/thumb/v7e-m+fp/hard\libcr_c.a
LOAD d:/nxp/mcuxpressoide_11.5.0_7232/ide/plugins/com.nxp.mcuxpresso.tools.win32_11.5.0.202107051138/tools/bin/../lib/gcc/arm-none-eabi/10.3.1/thumb/v7e-m+fp/hard\libcr_eabihelpers.a
LOAD d:/nxp/mcuxpressoide_11.5.0_7232/ide/plugins/com.nxp.mcuxpresso.tools.win32_11.5.0.202107051138/tools/bin/../lib/gcc/arm-none-eabi/10.3.1/thumb/v7e-m+fp/hard\libgcc.a
END GROUP
                0x00000000                __base_PROGRAM_FLASH = 0x0
                0x00000000                __base_Flash = 0x0
                0x00100000                __top_PROGRAM_FLASH = 0x100000
                0x00100000                __top_Flash = 0x100000
                0x20000000                __base_SRAM_UPPER = 0x20000000
                0x20000000                __base_RAM = 0x20000000
                0x20030000                __top_SRAM_UPPER = 0x20030000
                0x20030000                __top_RAM = 0x20030000
                0x1fff0000                __base_SRAM_LOWER = 0x1fff0000
                0x1fff0000                __base_RAM2 = 0x1fff0000
                0x20000000                __top_SRAM_LOWER = 0x20000000
                0x20000000                __top_RAM2 = 0x20000000
                0x14000000                __base_FLEX_RAM = 0x14000000
                0x14000000                __base_RAM3 = 0x14000000
                0x14001000                __top_FLEX_RAM = 0x14001000
                0x14001000                __top_RAM3 = 0x14001000

.text           0x00000000     0x51a0
 FILL mask 0xff
                0x00000000                __vectors_start__ = ABSOLUTE (.)
 *(SORT_BY_ALIGNMENT(.isr_vector))
 .isr_vector    0x00000000      0x198 ./startup/startup_mk64f12.o
                0x00000000                g_pfnVectors
                0x00000000                __Vectors
                0x00000198                . = ALIGN (0x4)
                0x00000198                __section_table_start = .
                0x00000198                __data_section_table = .
                0x00000198        0x4 LONG 0x51a0 LOADADDR (.data)
                0x0000019c        0x4 LONG 0x20000000 ADDR (.data)
                0x000001a0        0x4 LONG 0x78 SIZEOF (.data)
                0x000001a4        0x4 LONG 0x51a0 LOADADDR (.data_RAM2)
                0x000001a8        0x4 LONG 0x1fff0000 ADDR (.data_RAM2)
                0x000001ac        0x4 LONG 0x0 SIZEOF (.data_RAM2)
                0x000001b0        0x4 LONG 0x51a0 LOADADDR (.data_RAM3)
                0x000001b4        0x4 LONG 0x14000000 ADDR (.data_RAM3)
                0x000001b8        0x4 LONG 0x0 SIZEOF (.data_RAM3)
                0x000001bc                __data_section_table_end = .
                0x000001bc                __bss_section_table = .
                0x000001bc        0x4 LONG 0x20000078 ADDR (.bss)
                0x000001c0        0x4 LONG 0xd28 SIZEOF (.bss)
                0x000001c4        0x4 LONG 0x1fff0000 ADDR (.bss_RAM2)
                0x000001c8        0x4 LONG 0x0 SIZEOF (.bss_RAM2)
                0x000001cc        0x4 LONG 0x14000000 ADDR (.bss_RAM3)
                0x000001d0        0x4 LONG 0x0 SIZEOF (.bss_RAM3)
                0x000001d4                __bss_section_table_end = .
                0x000001d4                __section_table_end = .
 *(SORT_BY_ALIGNMENT(.after_vectors*))
 .after_vectors.reset
                0x000001d4       0x4c ./startup/startup_mk64f12.o
                0x000001d4                ResetISR
 .after_vectors.init_data
                0x00000220       0x1e ./startup/startup_mk64f12.o
                0x00000220                data_init
 .after_vectors.init_bss
                0x0000023e       0x12 ./startup/startup_mk64f12.o
                0x0000023e                bss_init
 .after_vectors
                0x00000250       0x14 ./startup/startup_mk64f12.o
                0x00000250                NMI_Handler
                0x00000254                MemManage_Handler
                0x00000256                BusFault_Handler
                0x00000258                UsageFault_Handler
                0x0000025a                SVC_Handler
                0x0000025c                DebugMon_Handler
                0x0000025e                PendSV_Handler
                0x00000260                SysTick_Handler
                0x00000262                DMA_Error_DriverIRQHandler
                0x00000262                FTM1_DriverIRQHandler
                0x00000262                FTM2_DriverIRQHandler
                0x00000262                PIT2_DriverIRQHandler
                0x00000262                SDHC_DriverIRQHandler
                0x00000262                I2S0_Tx_DriverIRQHandler
                0x00000262                RTC_Seconds_DriverIRQHandler
                0x00000262                DMA6_DriverIRQHandler
                0x00000262                LLWU_DriverIRQHandler
                0x00000262                MCM_DriverIRQHandler
                0x00000262                MCG_DriverIRQHandler
                0x00000262                ENET_1588_Timer_DriverIRQHandler
                0x00000262                DAC1_DriverIRQHandler
                0x00000262                LPTMR0_DriverIRQHandler
                0x00000262                CMP1_DriverIRQHandler
                0x00000262                FTM0_DriverIRQHandler
                0x00000262                IntDefaultHandler
                0x00000262                USB0_DriverIRQHandler
                0x00000262                UART5_ERR_DriverIRQHandler
                0x00000262                PORTC_DriverIRQHandler
                0x00000262                DMA11_DriverIRQHandler
                0x00000262                DAC0_DriverIRQHandler
                0x00000262                DMA10_DriverIRQHandler
                0x00000262                CMP2_DriverIRQHandler
                0x00000262                UART2_ERR_DriverIRQHandler
                0x00000262                LVD_LVW_DriverIRQHandler
                0x00000262                PIT0_DriverIRQHandler
                0x00000262                DMA12_DriverIRQHandler
                0x00000262                DMA5_DriverIRQHandler
                0x00000262                DMA4_DriverIRQHandler
                0x00000262                USBDCD_DriverIRQHandler
                0x00000262                UART3_ERR_DriverIRQHandler
                0x00000262                DMA3_DriverIRQHandler
                0x00000262                DMA8_DriverIRQHandler
                0x00000262                DMA9_DriverIRQHandler
                0x00000262                UART0_ERR_DriverIRQHandler
                0x00000262                CMT_DriverIRQHandler
                0x00000262                Reserved71_DriverIRQHandler
                0x00000262                ADC1_DriverIRQHandler
                0x00000262                PORTA_DriverIRQHandler
                0x00000262                DMA14_DriverIRQHandler
                0x00000262                PIT3_DriverIRQHandler
                0x00000262                PIT1_DriverIRQHandler
                0x00000262                WDOG_EWM_DriverIRQHandler
                0x00000262                PDB0_DriverIRQHandler
                0x00000262                RTC_DriverIRQHandler
                0x00000262                I2S0_Rx_DriverIRQHandler
                0x00000262                Read_Collision_DriverIRQHandler
                0x00000262                SWI_DriverIRQHandler
                0x00000262                UART4_ERR_DriverIRQHandler
                0x00000262                PORTB_DriverIRQHandler
                0x00000262                UART0_LON_DriverIRQHandler
                0x00000262                DMA0_DriverIRQHandler
                0x00000262                DMA1_DriverIRQHandler
                0x00000262                ENET_Receive_DriverIRQHandler
                0x00000262                DMA13_DriverIRQHandler
                0x00000262                ENET_Error_DriverIRQHandler
                0x00000262                DMA15_DriverIRQHandler
                0x00000262                ADC0_DriverIRQHandler
                0x00000262                CMP0_DriverIRQHandler
                0x00000262                CAN0_DriverIRQHandler
                0x00000262                FTM3_DriverIRQHandler
                0x00000262                RNG_DriverIRQHandler
                0x00000262                UART1_ERR_DriverIRQHandler
                0x00000262                DMA2_DriverIRQHandler
                0x00000262                ENET_Transmit_DriverIRQHandler
                0x00000262                PORTD_DriverIRQHandler
                0x00000262                PORTE_DriverIRQHandler
                0x00000262                FTFE_DriverIRQHandler
                0x00000262                DMA7_DriverIRQHandler
                0x00000400                . = 0x400
 *fill*         0x00000264      0x19c ff
                0x00000400                PROVIDE (__FLASH_CONFIG_START__ = .)
 *(SORT_BY_ALIGNMENT(.FlashConfig))
 .FlashConfig   0x00000400       0x10 ./startup/startup_mk64f12.o
                0x00000400                Flash_Config
                0x00000410                PROVIDE (__FLASH_CONFIG_END__ = .)
                0x00000001                ASSERT (! ((__FLASH_CONFIG_START__ == __FLASH_CONFIG_END__)), Linker Flash Config Support Enabled, but no .FlashConfig section provided within application)
 *(SORT_BY_ALIGNMENT(.text*))
 .text.ADC_init
                0x00000410       0x48 ./source/ADC.o
                0x00000410                ADC_init
 .text.ADC_result
                0x00000458       0x34 ./source/ADC.o
                0x00000458                ADC_result
 .text.Initialize_B0
                0x0000048c       0x4c ./source/Buttons.o
                0x0000048c                Initialize_B0
 .text.Initialize_B1
                0x000004d8       0x20 ./source/Buttons.o
                0x000004d8                Initialize_B1
 .text.Initialize_B2
                0x000004f8       0x3c ./source/Buttons.o
                0x000004f8                Initialize_B2
 .text.Initialize_B3
                0x00000534       0x3c ./source/Buttons.o
                0x00000534                Initialize_B3
 .text.Initialize_B4
                0x00000570       0x20 ./source/Buttons.o
                0x00000570                Initialize_B4
 .text.Initialize_B5
                0x00000590       0x20 ./source/Buttons.o
                0x00000590                Initialize_B5
 .text.Initialize_B6
                0x000005b0       0x20 ./source/Buttons.o
                0x000005b0                Initialize_B6
 .text.Enable_sw2_and_sw3
                0x000005d0       0x24 ./source/Buttons.o
                0x000005d0                Enable_sw2_and_sw3
 .text.check_pin_status
                0x000005f4       0x60 ./source/Debouncer.o
                0x000005f4                check_pin_status
 .text.wait_release
                0x00000654       0x1c ./source/Debouncer.o
                0x00000654                wait_release
 .text.debouncer
                0x00000670       0xe0 ./source/Debouncer.o
                0x00000670                debouncer
 .text.FlexTimer_clock_gating
                0x00000750       0x88 ./source/FlexTimer.o
                0x00000750                FlexTimer_clock_gating
 .text.FlexTimer_set_mod
                0x000007d8       0x60 ./source/FlexTimer.o
                0x000007d8                FlexTimer_set_mod
 .text.FlexTimer_change_cnv
                0x00000838       0x84 ./source/FlexTimer.o
                0x00000838                FlexTimer_change_cnv
 .text.FTM_callback_init
                0x000008bc       0x5c ./source/FlexTimer.o
                0x000008bc                FTM_callback_init
 .text.FTM0_configure_ch
                0x00000918      0x358 ./source/FlexTimer.o
                0x00000918                FTM0_configure_ch
 .text.FTM1_configure_ch
                0x00000c70      0x1a4 ./source/FlexTimer.o
                0x00000c70                FTM1_configure_ch
 .text.FTM2_configure_ch
                0x00000e14      0x1a8 ./source/FlexTimer.o
                0x00000e14                FTM2_configure_ch
 .text.FTM3_configure_ch
                0x00000fbc      0x348 ./source/FlexTimer.o
                0x00000fbc                FTM3_configure_ch
 .text.get_channel_value
                0x00001304       0x84 ./source/FlexTimer.o
                0x00001304                get_channel_value
 .text.get_mod_value
                0x00001388       0x5c ./source/FlexTimer.o
                0x00001388                get_mod_value
 .text.FlexTimer_disable_channel
                0x000013e4       0x80 ./source/FlexTimer.o
                0x000013e4                FlexTimer_disable_channel
 .text.FTM0_IRQHandler
                0x00001464       0x1c ./source/FlexTimer.o
                0x00001464                FTM0_IRQHandler
 .text.FTM1_IRQHandler
                0x00001480       0x1c ./source/FlexTimer.o
                0x00001480                FTM1_IRQHandler
 .text.FTM2_IRQHandler
                0x0000149c       0x1c ./source/FlexTimer.o
                0x0000149c                FTM2_IRQHandler
 .text.FTM3_IRQHandler
                0x000014b8       0x1c ./source/FlexTimer.o
                0x000014b8                FTM3_IRQHandler
 .text.Generate_trial_signal
                0x000014d4       0x44 ./source/Frequency.o
                0x000014d4                Generate_trial_signal
 .text.Increase_or_decrease_freq
                0x00001518       0xb8 ./source/Frequency.o
                0x00001518                Increase_or_decrease_freq
 .text.Frequency_read_initilize
                0x000015d0       0x5c ./source/Frequency.o
                0x000015d0                Frequency_read_initilize
 .text.GetFrequency
                0x0000162c       0xd4 ./source/Frequency.o
                0x0000162c                GetFrequency
 .text.print_frequency
                0x00001700       0x8c ./source/Frequency.o
                0x00001700                print_frequency
 .text.read_Frequency
                0x0000178c       0x74 ./source/Frequency.o
                0x0000178c                read_Frequency
 .text.GPIO_callback_init
                0x00001800       0x70 ./source/GPIO.o
                0x00001800                GPIO_callback_init
 .text.PORTA_IRQHandler
                0x00001870       0x20 ./source/GPIO.o
                0x00001870                PORTA_IRQHandler
 .text.PORTB_IRQHandler
                0x00001890       0x20 ./source/GPIO.o
                0x00001890                PORTB_IRQHandler
 .text.PORTC_IRQHandler
                0x000018b0       0x20 ./source/GPIO.o
                0x000018b0                PORTC_IRQHandler
 .text.PORTD_IRQHandler
                0x000018d0       0x20 ./source/GPIO.o
                0x000018d0                PORTD_IRQHandler
 .text.PORTE_IRQHandler
                0x000018f0       0x20 ./source/GPIO.o
                0x000018f0                PORTE_IRQHandler
 .text.GPIO_clear_interrupt
                0x00001910       0x84 ./source/GPIO.o
                0x00001910                GPIO_clear_interrupt
 .text.GPIO_clock_gating
                0x00001994       0xb0 ./source/GPIO.o
                0x00001994                GPIO_clock_gating
 .text.GPIO_pin_control_register
                0x00001a44       0x9c ./source/GPIO.o
                0x00001a44                GPIO_pin_control_register
 .text.GPIO_read_port
                0x00001ae0       0x7c ./source/GPIO.o
                0x00001ae0                GPIO_read_port
 .text.GPIO_read_pin
                0x00001b5c       0xd0 ./source/GPIO.o
                0x00001b5c                GPIO_read_pin
 .text.GPIO_set_pin
                0x00001c2c       0xd4 ./source/GPIO.o
                0x00001c2c                GPIO_set_pin
 .text.GPIO_clear_pin
                0x00001d00       0x94 ./source/GPIO.o
                0x00001d00                GPIO_clear_pin
 .text.GPIO_toogle_pin
                0x00001d94       0x94 ./source/GPIO.o
                0x00001d94                GPIO_toogle_pin
 .text.GPIO_data_direction_pin
                0x00001e28      0x164 ./source/GPIO.o
                0x00001e28                GPIO_data_direction_pin
 .text.LCD_nokia_init
                0x00001f8c       0xc4 ./source/LCD_nokia.o
                0x00001f8c                LCD_nokia_init
 .text.LCD_nokia_send_char
                0x00002050       0x5c ./source/LCD_nokia.o
                0x00002050                LCD_nokia_send_char
 .text.LCD_nokia_num2char
                0x000020ac       0x24 ./source/LCD_nokia.o
                0x000020ac                LCD_nokia_num2char
 .text.LCD_nokia_send_int
                0x000020d0       0x74 ./source/LCD_nokia.o
                0x000020d0                LCD_nokia_send_int
 .text.LCD_nokia_send_float
                0x00002144      0x138 ./source/LCD_nokia.o
                0x00002144                LCD_nokia_send_float
 .text.Start    0x0000227c       0x44 ./source/MainMenu.o
                0x0000227c                Start
 .text.MainMenu_in
                0x000022c0       0x90 ./source/MainMenu.o
                0x000022c0                MainMenu_in
 .text.RGB_manual
                0x00002350       0x98 ./source/MainMenu.o
                0x00002350                RGB_manual
 .text.RGB_adc  0x000023e8       0x4c ./source/MainMenu.o
                0x000023e8                RGB_adc
 .text.RGB_sequence
                0x00002434       0x4c ./source/MainMenu.o
                0x00002434                RGB_sequence
 .text.RGB_frequence
                0x00002480       0x4c ./source/MainMenu.o
                0x00002480                RGB_frequence
 .text.Mode_on  0x000024cc       0xb4 ./source/MainMenu.o
                0x000024cc                Mode_on
 .text.Mode_off
                0x00002580       0xa4 ./source/MainMenu.o
                0x00002580                Mode_off
 .text.B0_choose_function
                0x00002624       0x20 ./source/MainMenu.o
                0x00002624                B0_choose_function
 .text.B1_choose_function
                0x00002644       0xdc ./source/MainMenu.o
                0x00002644                B1_choose_function
 .text.B2_choose_function
                0x00002720       0xdc ./source/MainMenu.o
                0x00002720                B2_choose_function
 .text.B3_choose_function
                0x000027fc       0xc0 ./source/MainMenu.o
                0x000027fc                B3_choose_function
 .text.B4_choose_function
                0x000028bc       0xc0 ./source/MainMenu.o
                0x000028bc                B4_choose_function
 .text.B5_choose_function
                0x0000297c       0xb8 ./source/MainMenu.o
                0x0000297c                B5_choose_function
 .text.B6_choose_function
                0x00002a34       0xb8 ./source/MainMenu.o
                0x00002a34                B6_choose_function
 .text.__NVIC_EnableIRQ
                0x00002aec       0x3c ./source/NVIC.o
 .text.__NVIC_SetPriority
                0x00002b28       0x54 ./source/NVIC.o
 .text.PIT_delay
                0x00002b7c       0x78 ./source/PIT.o
                0x00002b7c                PIT_delay
 .text.PIT_clock_gating
                0x00002bf4       0x28 ./source/PIT.o
                0x00002bf4                PIT_clock_gating
 .text.PIT_clear_interrupt_flag
                0x00002c1c       0x18 ./source/PIT.o
                0x00002c1c                PIT_clear_interrupt_flag
 .text.PIT_enable
                0x00002c34       0x2c ./source/PIT.o
                0x00002c34                PIT_enable
 .text.PIT_enable_interrupt
                0x00002c60       0x5c ./source/PIT.o
                0x00002c60                PIT_enable_interrupt
 .text.PIT_stop
                0x00002cbc       0x3c ./source/PIT.o
                0x00002cbc                PIT_stop
 .text.PIT_callback_init
                0x00002cf8       0x5c ./source/PIT.o
                0x00002cf8                PIT_callback_init
 .text.PIT0_IRQHandler
                0x00002d54       0x50 ./source/PIT.o
                0x00002d54                PIT0_IRQHandler
 .text.PIT1_IRQHandler
                0x00002da4       0x50 ./source/PIT.o
                0x00002da4                PIT1_IRQHandler
 .text.PIT2_IRQHandler
                0x00002df4       0x50 ./source/PIT.o
                0x00002df4                PIT2_IRQHandler
 .text.PIT3_IRQHandler
                0x00002e44       0x50 ./source/PIT.o
                0x00002e44                PIT3_IRQHandler
 .text.RGB_led_initialize
                0x00002e94       0x3c ./source/RGB_led.o
                0x00002e94                RGB_led_initialize
 .text.RGB_led_duty_cycle_to_intensity
                0x00002ed0       0x2c ./source/RGB_led.o
                0x00002ed0                RGB_led_duty_cycle_to_intensity
 .text.RGB_led_ph_color
                0x00002efc       0x44 ./source/RGB_led.o
                0x00002efc                RGB_led_ph_color
 .text.RGB_led_change_bright
                0x00002f40       0x8c ./source/RGB_led.o
                0x00002f40                RGB_led_change_bright
 .text.RGB_led_adc_init
                0x00002fcc       0x50 ./source/RGB_led.o
                0x00002fcc                RGB_led_adc_init
 .text.read_adc
                0x0000301c       0xd4 ./source/RGB_led.o
                0x0000301c                read_adc
 .text.RGB_led_start_sequence
                0x000030f0       0x5c ./source/RGB_led.o
                0x000030f0                RGB_led_start_sequence
 .text.RGB_led_change_seq_color
                0x0000314c       0xa4 ./source/RGB_led.o
                0x0000314c                RGB_led_change_seq_color
 .text.RGB_led_frequency_to_phlevel
                0x000031f0       0x50 ./source/RGB_led.o
                0x000031f0                RGB_led_frequency_to_phlevel
 .text.RGB_led_delay_1s_init
                0x00003240       0x4c ./source/RGB_led.o
                0x00003240                RGB_led_delay_1s_init
 .text.Increase_interrupt_counter
                0x0000328c       0x30 ./source/RGB_led.o
                0x0000328c                Increase_interrupt_counter
 .text.SPI_enable
                0x000032bc       0x64 ./source/SPI.o
                0x000032bc                SPI_enable
 .text.SPI_clk  0x00003320       0x68 ./source/SPI.o
                0x00003320                SPI_clk
 .text.SPI_set_master
                0x00003388       0x9c ./source/SPI.o
                0x00003388                SPI_set_master
 .text.SPI_fifo
                0x00003424       0x9c ./source/SPI.o
                0x00003424                SPI_fifo
 .text.SPI_clock_polarity
                0x000034c0       0x9c ./source/SPI.o
                0x000034c0                SPI_clock_polarity
 .text.SPI_frame_size
                0x0000355c       0x7c ./source/SPI.o
                0x0000355c                SPI_frame_size
 .text.SPI_clock_phase
                0x000035d8       0x90 ./source/SPI.o
                0x000035d8                SPI_clock_phase
 .text.SPI_baud_rate
                0x00003668       0x64 ./source/SPI.o
                0x00003668                SPI_baud_rate
 .text.SPI_msb_first
                0x000036cc       0xc0 ./source/SPI.o
                0x000036cc                SPI_msb_first
 .text.SPI_start_tranference
                0x0000378c       0x60 ./source/SPI.o
                0x0000378c                SPI_start_tranference
 .text.SPI_stop_tranference
                0x000037ec       0x60 ./source/SPI.o
                0x000037ec                SPI_stop_tranference
 .text.SPI_tranference
                0x0000384c       0xb0 ./source/SPI.o
                0x0000384c                SPI_tranference
 .text.SW2_config
                0x000038fc       0x28 ./source/Switches.o
                0x000038fc                SW2_config
 .text.SW3_config
                0x00003924       0x28 ./source/Switches.o
                0x00003924                SW3_config
 .text.DSPI_CommonIRQHandler
                0x0000394c       0x44 ./drivers/fsl_dspi.o
 .text.SPI0_DriverIRQHandler
                0x00003990       0x30 ./drivers/fsl_dspi.o
                0x00003990                SPI0_DriverIRQHandler
 .text.SPI1_DriverIRQHandler
                0x000039c0       0x30 ./drivers/fsl_dspi.o
                0x000039c0                SPI1_DriverIRQHandler
 .text.SPI2_DriverIRQHandler
                0x000039f0       0x30 ./drivers/fsl_dspi.o
                0x000039f0                SPI2_DriverIRQHandler
 .text.I2C_TransferCommonIRQHandler
                0x00003a20       0x58 ./drivers/fsl_i2c.o
 .text.I2C0_DriverIRQHandler
                0x00003a78       0x1c ./drivers/fsl_i2c.o
                0x00003a78                I2C0_DriverIRQHandler
 .text.I2C1_DriverIRQHandler
                0x00003a94       0x1c ./drivers/fsl_i2c.o
                0x00003a94                I2C1_DriverIRQHandler
 .text.I2C2_DriverIRQHandler
                0x00003ab0       0x1c ./drivers/fsl_i2c.o
                0x00003ab0                I2C2_DriverIRQHandler
 .text.UART0_DriverIRQHandler
                0x00003acc       0x28 ./drivers/fsl_uart.o
                0x00003acc                UART0_DriverIRQHandler
 .text.UART1_DriverIRQHandler
                0x00003af4       0x28 ./drivers/fsl_uart.o
                0x00003af4                UART1_DriverIRQHandler
 .text.UART2_DriverIRQHandler
                0x00003b1c       0x28 ./drivers/fsl_uart.o
                0x00003b1c                UART2_DriverIRQHandler
 .text.UART3_DriverIRQHandler
                0x00003b44       0x28 ./drivers/fsl_uart.o
                0x00003b44                UART3_DriverIRQHandler
 .text.UART4_DriverIRQHandler
                0x00003b6c       0x28 ./drivers/fsl_uart.o
                0x00003b6c                UART4_DriverIRQHandler
 .text.UART5_DriverIRQHandler
                0x00003b94       0x28 ./drivers/fsl_uart.o
                0x00003b94                UART5_DriverIRQHandler
 .text.SystemInit
                0x00003bbc       0x3c ./device/system_MK64F12.o
                0x00003bbc                SystemInit
 .text.__assertion_failed
                0x00003bf8       0x4c d:/nxp/mcuxpressoide_11.5.0_7232/ide/plugins/com.nxp.mcuxpresso.tools.win32_11.5.0.202107051138/tools/bin/../lib/gcc/arm-none-eabi/10.3.1/../../../../arm-none-eabi/lib/thumb/v7e-m+fp/hard\libcr_nohost_nf.a(_cr_assert.o)
                0x00003bf8                __assertion_failed
 .text._Cwritebuf
                0x00003c44       0x6c d:/nxp/mcuxpressoide_11.5.0_7232/ide/plugins/com.nxp.mcuxpresso.tools.win32_11.5.0.202107051138/tools/bin/../lib/gcc/arm-none-eabi/10.3.1/../../../../arm-none-eabi/lib/thumb/v7e-m+fp/hard\libcr_c.a(_writebuf.o)
                0x00003c44                _Cwritebuf
 .text.malloc   0x00003cb0       0xc8 d:/nxp/mcuxpressoide_11.5.0_7232/ide/plugins/com.nxp.mcuxpresso.tools.win32_11.5.0.202107051138/tools/bin/../lib/gcc/arm-none-eabi/10.3.1/../../../../arm-none-eabi/lib/thumb/v7e-m+fp/hard\libcr_c.a(alloc.o)
                0x00003cb0                malloc
 .text._Csys_alloc
                0x00003d78       0x20 d:/nxp/mcuxpressoide_11.5.0_7232/ide/plugins/com.nxp.mcuxpresso.tools.win32_11.5.0.202107051138/tools/bin/../lib/gcc/arm-none-eabi/10.3.1/../../../../arm-none-eabi/lib/thumb/v7e-m+fp/hard\libcr_c.a(alloc.o)
                0x00003d78                _Csys_alloc
 .text.fseek    0x00003d98       0xfc d:/nxp/mcuxpressoide_11.5.0_7232/ide/plugins/com.nxp.mcuxpresso.tools.win32_11.5.0.202107051138/tools/bin/../lib/gcc/arm-none-eabi/10.3.1/../../../../arm-none-eabi/lib/thumb/v7e-m+fp/hard\libcr_c.a(fseek.o)
                0x00003d98                fseek
 .text.ftell    0x00003e94       0x44 d:/nxp/mcuxpressoide_11.5.0_7232/ide/plugins/com.nxp.mcuxpresso.tools.win32_11.5.0.202107051138/tools/bin/../lib/gcc/arm-none-eabi/10.3.1/../../../../arm-none-eabi/lib/thumb/v7e-m+fp/hard\libcr_c.a(ftell.o)
                0x00003e94                ftell
 .text._initio  0x00003ed8       0x78 d:/nxp/mcuxpressoide_11.5.0_7232/ide/plugins/com.nxp.mcuxpresso.tools.win32_11.5.0.202107051138/tools/bin/../lib/gcc/arm-none-eabi/10.3.1/../../../../arm-none-eabi/lib/thumb/v7e-m+fp/hard\libcr_c.a(initio.o)
                0x00003ed8                _initio
 .text._sbrk    0x00003f50       0x3c d:/nxp/mcuxpressoide_11.5.0_7232/ide/plugins/com.nxp.mcuxpresso.tools.win32_11.5.0.202107051138/tools/bin/../lib/gcc/arm-none-eabi/10.3.1/../../../../arm-none-eabi/lib/thumb/v7e-m+fp/hard\libcr_c.a(_cr_sbrk.o)
                0x00003f50                _sbrk
 .text.fflush   0x00003f8c       0x3c d:/nxp/mcuxpressoide_11.5.0_7232/ide/plugins/com.nxp.mcuxpresso.tools.win32_11.5.0.202107051138/tools/bin/../lib/gcc/arm-none-eabi/10.3.1/../../../../arm-none-eabi/lib/thumb/v7e-m+fp/hard\libcr_c.a(fflush.o)
                0x00003f8c                fflush
 .text.__check_heap_overflow
                0x00003fc8       0x18 d:/nxp/mcuxpressoide_11.5.0_7232/ide/plugins/com.nxp.mcuxpresso.tools.win32_11.5.0.202107051138/tools/bin/../lib/gcc/arm-none-eabi/10.3.1/../../../../arm-none-eabi/lib/thumb/v7e-m+fp/hard\libcr_c.a(_cr_check_heap.o)
                0x00003fc8                __check_heap_overflow
 .text.DMA0_IRQHandler
                0x00003fe0        0x8 ./startup/startup_mk64f12.o
                0x00003fe0                DMA0_IRQHandler
 .text.DMA1_IRQHandler
                0x00003fe8        0x8 ./startup/startup_mk64f12.o
                0x00003fe8                DMA1_IRQHandler
 .text.DMA2_IRQHandler
                0x00003ff0        0x8 ./startup/startup_mk64f12.o
                0x00003ff0                DMA2_IRQHandler
 .text.DMA3_IRQHandler
                0x00003ff8        0x8 ./startup/startup_mk64f12.o
                0x00003ff8                DMA3_IRQHandler
 .text.DMA4_IRQHandler
                0x00004000        0x8 ./startup/startup_mk64f12.o
                0x00004000                DMA4_IRQHandler
 .text.DMA5_IRQHandler
                0x00004008        0x8 ./startup/startup_mk64f12.o
                0x00004008                DMA5_IRQHandler
 .text.DMA6_IRQHandler
                0x00004010        0x8 ./startup/startup_mk64f12.o
                0x00004010                DMA6_IRQHandler
 .text.DMA7_IRQHandler
                0x00004018        0x8 ./startup/startup_mk64f12.o
                0x00004018                DMA7_IRQHandler
 .text.DMA8_IRQHandler
                0x00004020        0x8 ./startup/startup_mk64f12.o
                0x00004020                DMA8_IRQHandler
 .text.DMA9_IRQHandler
                0x00004028        0x8 ./startup/startup_mk64f12.o
                0x00004028                DMA9_IRQHandler
 .text.DMA10_IRQHandler
                0x00004030        0x8 ./startup/startup_mk64f12.o
                0x00004030                DMA10_IRQHandler
 .text.DMA11_IRQHandler
                0x00004038        0x8 ./startup/startup_mk64f12.o
                0x00004038                DMA11_IRQHandler
 .text.DMA12_IRQHandler
                0x00004040        0x8 ./startup/startup_mk64f12.o
                0x00004040                DMA12_IRQHandler
 .text.DMA13_IRQHandler
                0x00004048        0x8 ./startup/startup_mk64f12.o
                0x00004048                DMA13_IRQHandler
 .text.DMA14_IRQHandler
                0x00004050        0x8 ./startup/startup_mk64f12.o
                0x00004050                DMA14_IRQHandler
 .text.DMA15_IRQHandler
                0x00004058        0x8 ./startup/startup_mk64f12.o
                0x00004058                DMA15_IRQHandler
 .text.DMA_Error_IRQHandler
                0x00004060        0x8 ./startup/startup_mk64f12.o
                0x00004060                DMA_Error_IRQHandler
 .text.MCM_IRQHandler
                0x00004068        0x8 ./startup/startup_mk64f12.o
                0x00004068                MCM_IRQHandler
 .text.FTFE_IRQHandler
                0x00004070        0x8 ./startup/startup_mk64f12.o
                0x00004070                FTFE_IRQHandler
 .text.Read_Collision_IRQHandler
                0x00004078        0x8 ./startup/startup_mk64f12.o
                0x00004078                Read_Collision_IRQHandler
 .text.LVD_LVW_IRQHandler
                0x00004080        0x8 ./startup/startup_mk64f12.o
                0x00004080                LVD_LVW_IRQHandler
 .text.LLWU_IRQHandler
                0x00004088        0x8 ./startup/startup_mk64f12.o
                0x00004088                LLWU_IRQHandler
 .text.WDOG_EWM_IRQHandler
                0x00004090        0x8 ./startup/startup_mk64f12.o
                0x00004090                WDOG_EWM_IRQHandler
 .text.RNG_IRQHandler
                0x00004098        0x8 ./startup/startup_mk64f12.o
                0x00004098                RNG_IRQHandler
 .text.I2C0_IRQHandler
                0x000040a0        0x8 ./startup/startup_mk64f12.o
                0x000040a0                I2C0_IRQHandler
 .text.I2C1_IRQHandler
                0x000040a8        0x8 ./startup/startup_mk64f12.o
                0x000040a8                I2C1_IRQHandler
 .text.SPI0_IRQHandler
                0x000040b0        0x8 ./startup/startup_mk64f12.o
                0x000040b0                SPI0_IRQHandler
 .text.SPI1_IRQHandler
                0x000040b8        0x8 ./startup/startup_mk64f12.o
                0x000040b8                SPI1_IRQHandler
 .text.I2S0_Tx_IRQHandler
                0x000040c0        0x8 ./startup/startup_mk64f12.o
                0x000040c0                I2S0_Tx_IRQHandler
 .text.I2S0_Rx_IRQHandler
                0x000040c8        0x8 ./startup/startup_mk64f12.o
                0x000040c8                I2S0_Rx_IRQHandler
 .text.UART0_LON_IRQHandler
                0x000040d0        0x8 ./startup/startup_mk64f12.o
                0x000040d0                UART0_LON_IRQHandler
 .text.UART0_RX_TX_IRQHandler
                0x000040d8        0x8 ./startup/startup_mk64f12.o
                0x000040d8                UART0_RX_TX_IRQHandler
 .text.UART0_ERR_IRQHandler
                0x000040e0        0x8 ./startup/startup_mk64f12.o
                0x000040e0                UART0_ERR_IRQHandler
 .text.UART1_RX_TX_IRQHandler
                0x000040e8        0x8 ./startup/startup_mk64f12.o
                0x000040e8                UART1_RX_TX_IRQHandler
 .text.UART1_ERR_IRQHandler
                0x000040f0        0x8 ./startup/startup_mk64f12.o
                0x000040f0                UART1_ERR_IRQHandler
 .text.UART2_RX_TX_IRQHandler
                0x000040f8        0x8 ./startup/startup_mk64f12.o
                0x000040f8                UART2_RX_TX_IRQHandler
 .text.UART2_ERR_IRQHandler
                0x00004100        0x8 ./startup/startup_mk64f12.o
                0x00004100                UART2_ERR_IRQHandler
 .text.UART3_RX_TX_IRQHandler
                0x00004108        0x8 ./startup/startup_mk64f12.o
                0x00004108                UART3_RX_TX_IRQHandler
 .text.UART3_ERR_IRQHandler
                0x00004110        0x8 ./startup/startup_mk64f12.o
                0x00004110                UART3_ERR_IRQHandler
 .text.ADC0_IRQHandler
                0x00004118        0x8 ./startup/startup_mk64f12.o
                0x00004118                ADC0_IRQHandler
 .text.CMP0_IRQHandler
                0x00004120        0x8 ./startup/startup_mk64f12.o
                0x00004120                CMP0_IRQHandler
 .text.CMP1_IRQHandler
                0x00004128        0x8 ./startup/startup_mk64f12.o
                0x00004128                CMP1_IRQHandler
 .text.CMT_IRQHandler
                0x00004130        0x8 ./startup/startup_mk64f12.o
                0x00004130                CMT_IRQHandler
 .text.RTC_IRQHandler
                0x00004138        0x8 ./startup/startup_mk64f12.o
                0x00004138                RTC_IRQHandler
 .text.RTC_Seconds_IRQHandler
                0x00004140        0x8 ./startup/startup_mk64f12.o
                0x00004140                RTC_Seconds_IRQHandler
 .text.PDB0_IRQHandler
                0x00004148        0x8 ./startup/startup_mk64f12.o
                0x00004148                PDB0_IRQHandler
 .text.USB0_IRQHandler
                0x00004150        0x8 ./startup/startup_mk64f12.o
                0x00004150                USB0_IRQHandler
 .text.USBDCD_IRQHandler
                0x00004158        0x8 ./startup/startup_mk64f12.o
                0x00004158                USBDCD_IRQHandler
 .text.Reserved71_IRQHandler
                0x00004160        0x8 ./startup/startup_mk64f12.o
                0x00004160                Reserved71_IRQHandler
 .text.DAC0_IRQHandler
                0x00004168        0x8 ./startup/startup_mk64f12.o
                0x00004168                DAC0_IRQHandler
 .text.MCG_IRQHandler
                0x00004170        0x8 ./startup/startup_mk64f12.o
                0x00004170                MCG_IRQHandler
 .text.LPTMR0_IRQHandler
                0x00004178        0x8 ./startup/startup_mk64f12.o
                0x00004178                LPTMR0_IRQHandler
 .text.SWI_IRQHandler
                0x00004180        0x8 ./startup/startup_mk64f12.o
                0x00004180                SWI_IRQHandler
 .text.SPI2_IRQHandler
                0x00004188        0x8 ./startup/startup_mk64f12.o
                0x00004188                SPI2_IRQHandler
 .text.UART4_RX_TX_IRQHandler
                0x00004190        0x8 ./startup/startup_mk64f12.o
                0x00004190                UART4_RX_TX_IRQHandler
 .text.UART4_ERR_IRQHandler
                0x00004198        0x8 ./startup/startup_mk64f12.o
                0x00004198                UART4_ERR_IRQHandler
 .text.UART5_RX_TX_IRQHandler
                0x000041a0        0x8 ./startup/startup_mk64f12.o
                0x000041a0                UART5_RX_TX_IRQHandler
 .text.UART5_ERR_IRQHandler
                0x000041a8        0x8 ./startup/startup_mk64f12.o
                0x000041a8                UART5_ERR_IRQHandler
 .text.CMP2_IRQHandler
                0x000041b0        0x8 ./startup/startup_mk64f12.o
                0x000041b0                CMP2_IRQHandler
 .text.DAC1_IRQHandler
                0x000041b8        0x8 ./startup/startup_mk64f12.o
                0x000041b8                DAC1_IRQHandler
 .text.ADC1_IRQHandler
                0x000041c0        0x8 ./startup/startup_mk64f12.o
                0x000041c0                ADC1_IRQHandler
 .text.I2C2_IRQHandler
                0x000041c8        0x8 ./startup/startup_mk64f12.o
                0x000041c8                I2C2_IRQHandler
 .text.CAN0_ORed_Message_buffer_IRQHandler
                0x000041d0        0x8 ./startup/startup_mk64f12.o
                0x000041d0                CAN0_ORed_Message_buffer_IRQHandler
 .text.CAN0_Bus_Off_IRQHandler
                0x000041d8        0x8 ./startup/startup_mk64f12.o
                0x000041d8                CAN0_Bus_Off_IRQHandler
 .text.CAN0_Error_IRQHandler
                0x000041e0        0x8 ./startup/startup_mk64f12.o
                0x000041e0                CAN0_Error_IRQHandler
 .text.CAN0_Tx_Warning_IRQHandler
                0x000041e8        0x8 ./startup/startup_mk64f12.o
                0x000041e8                CAN0_Tx_Warning_IRQHandler
 .text.CAN0_Rx_Warning_IRQHandler
                0x000041f0        0x8 ./startup/startup_mk64f12.o
                0x000041f0                CAN0_Rx_Warning_IRQHandler
 .text.CAN0_Wake_Up_IRQHandler
                0x000041f8        0x8 ./startup/startup_mk64f12.o
                0x000041f8                CAN0_Wake_Up_IRQHandler
 .text.SDHC_IRQHandler
                0x00004200        0x8 ./startup/startup_mk64f12.o
                0x00004200                SDHC_IRQHandler
 .text.ENET_1588_Timer_IRQHandler
                0x00004208        0x8 ./startup/startup_mk64f12.o
                0x00004208                ENET_1588_Timer_IRQHandler
 .text.ENET_Transmit_IRQHandler
                0x00004210        0x8 ./startup/startup_mk64f12.o
                0x00004210                ENET_Transmit_IRQHandler
 .text.ENET_Receive_IRQHandler
                0x00004218        0x8 ./startup/startup_mk64f12.o
                0x00004218                ENET_Receive_IRQHandler
 .text.ENET_Error_IRQHandler
                0x00004220        0x8 ./startup/startup_mk64f12.o
                0x00004220                ENET_Error_IRQHandler
 .text.gpioA_pb_interrupt
                0x00004228        0xc ./source/Buttons.o
                0x00004228                gpioA_pb_interrupt
 .text.gpioB_pb_interrupt
                0x00004234       0x42 ./source/Buttons.o
                0x00004234                gpioB_pb_interrupt
 .text.gpioC_pb_interrupt
                0x00004276       0xa2 ./source/Buttons.o
                0x00004276                gpioC_pb_interrupt
 .text.gpioD_pb_interrupt
                0x00004318       0x14 ./source/Buttons.o
                0x00004318                gpioD_pb_interrupt
 .text.delay    0x0000432c       0x34 ./source/Delay.o
                0x0000432c                delay
 .text.FlexTimer_configure_channel
                0x00004360       0x5c ./source/FlexTimer.o
                0x00004360                FlexTimer_configure_channel
 .text.Generate_trial_signal_stop
                0x000043bc       0x10 ./source/Frequency.o
                0x000043bc                Generate_trial_signal_stop
 .text.Frequency_read_stop
                0x000043cc       0x10 ./source/Frequency.o
                0x000043cc                Frequency_read_stop
 .text.LCD_nokia_bitmap
                0x000043dc       0x3a ./source/LCD_nokia.o
                0x000043dc                LCD_nokia_bitmap
 .text.LCD_nokia_write_byte
                0x00004416       0x56 ./source/LCD_nokia.o
                0x00004416                LCD_nokia_write_byte
 .text.LCD_nokia_send_string
                0x0000446c       0x2a ./source/LCD_nokia.o
                0x0000446c                LCD_nokia_send_string
 .text.LCD_nokia_clear
                0x00004496       0x36 ./source/LCD_nokia.o
                0x00004496                LCD_nokia_clear
 .text.LCD_nokia_goto_xy
                0x000044cc       0x38 ./source/LCD_nokia.o
                0x000044cc                LCD_nokia_goto_xy
 .text.LCD_nokia_delay
                0x00004504       0x2a ./source/LCD_nokia.o
                0x00004504                LCD_nokia_delay
 .text.Init_all
                0x0000452e       0x10 ./source/MainMenu.o
                0x0000452e                Init_all
 .text.NVIC_enable_interrupt_and_priotity
                0x0000453e       0x30 ./source/NVIC.o
                0x0000453e                NVIC_enable_interrupt_and_priotity
 .text.NVIC_set_basepri_threshold
                0x0000456e       0x24 ./source/NVIC.o
                0x0000456e                NVIC_set_basepri_threshold
 .text.RGB_led_turn_off
                0x00004592       0x26 ./source/RGB_led.o
                0x00004592                RGB_led_turn_off
 .text.RGB_led_intensity_to_duty_cycle
                0x000045b8       0x2a ./source/RGB_led.o
                0x000045b8                RGB_led_intensity_to_duty_cycle
 .text.RGB_led_set_color
                0x000045e2       0x5e ./source/RGB_led.o
                0x000045e2                RGB_led_set_color
 .text.RGB_led_adc_stop
                0x00004640       0x10 ./source/RGB_led.o
                0x00004640                RGB_led_adc_stop
 .text.RGB_led_stop_sequence
                0x00004650       0x10 ./source/RGB_led.o
                0x00004650                RGB_led_stop_sequence
 .text.SPI_init
                0x00004660       0xe8 ./source/SPI.o
                0x00004660                SPI_init
 .text.main     0x00004748        0xe ./source/main.o
                0x00004748                main
 .text.HardFault_Handler
                0x00004756       0x2c ./source/semihost_hardfault.o
                0x00004756                HardFault_Handler
 .text.DSPI_IsMaster
                0x00004782       0x26 ./drivers/fsl_dspi.o
 .text.UART0_RX_TX_DriverIRQHandler
                0x000047a8       0x12 ./drivers/fsl_uart.o
                0x000047a8                UART0_RX_TX_DriverIRQHandler
 .text.UART1_RX_TX_DriverIRQHandler
                0x000047ba       0x12 ./drivers/fsl_uart.o
                0x000047ba                UART1_RX_TX_DriverIRQHandler
 .text.UART2_RX_TX_DriverIRQHandler
                0x000047cc       0x12 ./drivers/fsl_uart.o
                0x000047cc                UART2_RX_TX_DriverIRQHandler
 .text.UART3_RX_TX_DriverIRQHandler
                0x000047de       0x12 ./drivers/fsl_uart.o
                0x000047de                UART3_RX_TX_DriverIRQHandler
 .text.UART4_RX_TX_DriverIRQHandler
                0x000047f0       0x12 ./drivers/fsl_uart.o
                0x000047f0                UART4_RX_TX_DriverIRQHandler
 .text.UART5_RX_TX_DriverIRQHandler
                0x00004802       0x12 ./drivers/fsl_uart.o
                0x00004802                UART5_RX_TX_DriverIRQHandler
 .text.SystemInitHook
                0x00004814        0xe ./device/system_MK64F12.o
                0x00004814                SystemInitHook
 .text.__main   0x00004822        0xe d:/nxp/mcuxpressoide_11.5.0_7232/ide/plugins/com.nxp.mcuxpresso.tools.win32_11.5.0.202107051138/tools/bin/../lib/gcc/arm-none-eabi/10.3.1/../../../../arm-none-eabi/lib/thumb/v7e-m+fp/hard\libcr_nohost_nf.a(_cr__main.o)
                0x00004822                __main
 .text.__sys_appexit
                0x00004830        0x2 d:/nxp/mcuxpressoide_11.5.0_7232/ide/plugins/com.nxp.mcuxpresso.tools.win32_11.5.0.202107051138/tools/bin/../lib/gcc/arm-none-eabi/10.3.1/../../../../arm-none-eabi/lib/thumb/v7e-m+fp/hard\libcr_nohost_nf.a(__sys_appexit.o)
                0x00004830                __sys_appexit
                0x00004830                __exit
 .text.memset   0x00004832        0x4 d:/nxp/mcuxpressoide_11.5.0_7232/ide/plugins/com.nxp.mcuxpresso.tools.win32_11.5.0.202107051138/tools/bin/../lib/gcc/arm-none-eabi/10.3.1/../../../../arm-none-eabi/lib/thumb/v7e-m+fp/hard\libcr_c.a(memset.o)
                0x00004832                memset
 .text._deferredlazyseek
                0x00004836       0x40 d:/nxp/mcuxpressoide_11.5.0_7232/ide/plugins/com.nxp.mcuxpresso.tools.win32_11.5.0.202107051138/tools/bin/../lib/gcc/arm-none-eabi/10.3.1/../../../../arm-none-eabi/lib/thumb/v7e-m+fp/hard\libcr_c.a(_deferredlazyseek.o)
                0x00004836                _deferredlazyseek
 .text.__flsbuf
                0x00004876      0x140 d:/nxp/mcuxpressoide_11.5.0_7232/ide/plugins/com.nxp.mcuxpresso.tools.win32_11.5.0.202107051138/tools/bin/../lib/gcc/arm-none-eabi/10.3.1/../../../../arm-none-eabi/lib/thumb/v7e-m+fp/hard\libcr_c.a(_deferredlazyseek.o)
                0x00004876                __flsbuf
 .text._fflush  0x000049b6       0x52 d:/nxp/mcuxpressoide_11.5.0_7232/ide/plugins/com.nxp.mcuxpresso.tools.win32_11.5.0.202107051138/tools/bin/../lib/gcc/arm-none-eabi/10.3.1/../../../../arm-none-eabi/lib/thumb/v7e-m+fp/hard\libcr_c.a(_fflush.o)
                0x000049b6                _fflush
 .text.free     0x00004a08       0x30 d:/nxp/mcuxpressoide_11.5.0_7232/ide/plugins/com.nxp.mcuxpresso.tools.win32_11.5.0.202107051138/tools/bin/../lib/gcc/arm-none-eabi/10.3.1/../../../../arm-none-eabi/lib/thumb/v7e-m+fp/hard\libcr_c.a(alloc.o)
                0x00004a08                free
 .text.fputs    0x00004a38       0x2c d:/nxp/mcuxpressoide_11.5.0_7232/ide/plugins/com.nxp.mcuxpresso.tools.win32_11.5.0.202107051138/tools/bin/../lib/gcc/arm-none-eabi/10.3.1/../../../../arm-none-eabi/lib/thumb/v7e-m+fp/hard\libcr_c.a(fputs.o)
                0x00004a38                fputs
 .text.setvbuf  0x00004a64       0x3e d:/nxp/mcuxpressoide_11.5.0_7232/ide/plugins/com.nxp.mcuxpresso.tools.win32_11.5.0.202107051138/tools/bin/../lib/gcc/arm-none-eabi/10.3.1/../../../../arm-none-eabi/lib/thumb/v7e-m+fp/hard\libcr_c.a(setvbuf.o)
                0x00004a64                setvbuf
 .text.strlen   0x00004aa2       0x48 d:/nxp/mcuxpressoide_11.5.0_7232/ide/plugins/com.nxp.mcuxpresso.tools.win32_11.5.0.202107051138/tools/bin/../lib/gcc/arm-none-eabi/10.3.1/../../../../arm-none-eabi/lib/thumb/v7e-m+fp/hard\libcr_c.a(strlen.o)
                0x00004aa2                strlen
 .text._fdopen  0x00004aea       0x68 d:/nxp/mcuxpressoide_11.5.0_7232/ide/plugins/com.nxp.mcuxpresso.tools.win32_11.5.0.202107051138/tools/bin/../lib/gcc/arm-none-eabi/10.3.1/../../../../arm-none-eabi/lib/thumb/v7e-m+fp/hard\libcr_c.a(_fdopen.o)
                0x00004aea                _fdopen
 .text.fclose   0x00004b52       0x58 d:/nxp/mcuxpressoide_11.5.0_7232/ide/plugins/com.nxp.mcuxpresso.tools.win32_11.5.0.202107051138/tools/bin/../lib/gcc/arm-none-eabi/10.3.1/../../../../arm-none-eabi/lib/thumb/v7e-m+fp/hard\libcr_c.a(fclose.o)
                0x00004b52                fclose
 .text.remove   0x00004baa       0x14 d:/nxp/mcuxpressoide_11.5.0_7232/ide/plugins/com.nxp.mcuxpresso.tools.win32_11.5.0.202107051138/tools/bin/../lib/gcc/arm-none-eabi/10.3.1/../../../../arm-none-eabi/lib/thumb/v7e-m+fp/hard\libcr_c.a(remove.o)
                0x00004baa                remove
 .text._do_fflush
                0x00004bbe       0x40 d:/nxp/mcuxpressoide_11.5.0_7232/ide/plugins/com.nxp.mcuxpresso.tools.win32_11.5.0.202107051138/tools/bin/../lib/gcc/arm-none-eabi/10.3.1/../../../../arm-none-eabi/lib/thumb/v7e-m+fp/hard\libcr_c.a(_do_fflush.o)
                0x00004bbe                _do_fflush
 .text.__aeabi_memset_lowlevel
                0x00004bfe       0x32 d:/nxp/mcuxpressoide_11.5.0_7232/ide/plugins/com.nxp.mcuxpresso.tools.win32_11.5.0.202107051138/tools/bin/../lib/gcc/arm-none-eabi/10.3.1/thumb/v7e-m+fp/hard\libcr_eabihelpers.a(memcpy.o)
                0x00004bfe                __aeabi_lowlevel_memset
 .text.__sys_close
                0x00004c30        0x6 d:/nxp/mcuxpressoide_11.5.0_7232/ide/plugins/com.nxp.mcuxpresso.tools.win32_11.5.0.202107051138/tools/bin/../lib/gcc/arm-none-eabi/10.3.1/../../../../arm-none-eabi/lib/thumb/v7e-m+fp/hard\libcr_nohost_nf.a(__sys_close.o)
                0x00004c30                __sys_close
 .text.__sys_flen
                0x00004c36        0x6 d:/nxp/mcuxpressoide_11.5.0_7232/ide/plugins/com.nxp.mcuxpresso.tools.win32_11.5.0.202107051138/tools/bin/../lib/gcc/arm-none-eabi/10.3.1/../../../../arm-none-eabi/lib/thumb/v7e-m+fp/hard\libcr_nohost_nf.a(__sys_flen.o)
                0x00004c36                __sys_flen
 .text.__sys_istty
                0x00004c3c        0x6 d:/nxp/mcuxpressoide_11.5.0_7232/ide/plugins/com.nxp.mcuxpresso.tools.win32_11.5.0.202107051138/tools/bin/../lib/gcc/arm-none-eabi/10.3.1/../../../../arm-none-eabi/lib/thumb/v7e-m+fp/hard\libcr_nohost_nf.a(__sys_istty.o)
                0x00004c3c                __sys_istty
 .text.__sys_remove
                0x00004c42        0x6 d:/nxp/mcuxpressoide_11.5.0_7232/ide/plugins/com.nxp.mcuxpresso.tools.win32_11.5.0.202107051138/tools/bin/../lib/gcc/arm-none-eabi/10.3.1/../../../../arm-none-eabi/lib/thumb/v7e-m+fp/hard\libcr_nohost_nf.a(__sys_remove.o)
                0x00004c42                __sys_remove
 .text.__sys_seek
                0x00004c48        0x6 d:/nxp/mcuxpressoide_11.5.0_7232/ide/plugins/com.nxp.mcuxpresso.tools.win32_11.5.0.202107051138/tools/bin/../lib/gcc/arm-none-eabi/10.3.1/../../../../arm-none-eabi/lib/thumb/v7e-m+fp/hard\libcr_nohost_nf.a(__sys_seek.o)
                0x00004c48                __sys_seek
 .text.__sys_tmpnam
                0x00004c4e        0x6 d:/nxp/mcuxpressoide_11.5.0_7232/ide/plugins/com.nxp.mcuxpresso.tools.win32_11.5.0.202107051138/tools/bin/../lib/gcc/arm-none-eabi/10.3.1/../../../../arm-none-eabi/lib/thumb/v7e-m+fp/hard\libcr_nohost_nf.a(__sys_tmpnam.o)
                0x00004c4e                __sys_tmpnam
 .text.__sys_write
                0x00004c54        0x4 d:/nxp/mcuxpressoide_11.5.0_7232/ide/plugins/com.nxp.mcuxpresso.tools.win32_11.5.0.202107051138/tools/bin/../lib/gcc/arm-none-eabi/10.3.1/../../../../arm-none-eabi/lib/thumb/v7e-m+fp/hard\libcr_nohost_nf.a(__sys_write.o)
                0x00004c54                __sys_write
 *(SORT_BY_ALIGNMENT(.rodata) SORT_BY_ALIGNMENT(.rodata.*) SORT_BY_ALIGNMENT(.constdata) SORT_BY_ALIGNMENT(.constdata.*))
 .rodata.g_pcr_buttons
                0x00004c58        0x4 ./source/Buttons.o
                0x00004c58                g_pcr_buttons
 .rodata.g_configure_ftm_freq
                0x00004c5c       0x10 ./source/Frequency.o
                0x00004c5c                g_configure_ftm_freq
 .rodata.g_configure_ftm_pwm
                0x00004c6c       0x10 ./source/Frequency.o
                0x00004c6c                g_configure_ftm_pwm
 .rodata.ASCII  0x00004c7c      0x1e0 ./source/LCD_nokia.o
 .rodata.Numbers_char
                0x00004e5c        0xa ./source/LCD_nokia.o
 *fill*         0x00004e66        0x2 ff
 .rodata.g_spi_config
                0x00004e68       0x28 ./source/LCD_nokia.o
                0x00004e68                g_spi_config
 .rodata.ITESO  0x00004e90      0x1f8 ./source/LCD_nokia_images.o
                0x00004e90                ITESO
 .rodata.Change_br_rgb
                0x00005088        0x6 ./source/RGB_led.o
                0x00005088                Change_br_rgb
 *fill*         0x0000508e        0x2 ff
 .rodata.g_configure_ftm_rgb
                0x00005090       0x10 ./source/RGB_led.o
                0x00005090                g_configure_ftm_rgb
 .rodata.g_configure_rgb_1s
                0x000050a0       0x10 ./source/RGB_led.o
                0x000050a0                g_configure_rgb_1s
 .rodata.g_ph_scale
                0x000050b0       0x2d ./source/RGB_led.o
                0x000050b0                g_ph_scale
 *fill*         0x000050dd        0x3 ff
 .rodata.pcr_sw_pullup
                0x000050e0        0x4 ./source/Switches.o
                0x000050e0                pcr_sw_pullup
 .rodata.SPI0_DriverIRQHandler.str1.4
                0x000050e4       0x2a ./drivers/fsl_dspi.o
 *fill*         0x0000510e        0x2 ff
 .rodata.SPI1_DriverIRQHandler.str1.4
                0x00005110       0x2a ./drivers/fsl_dspi.o
 *fill*         0x0000513a        0x2 ff
 .rodata.SPI2_DriverIRQHandler.str1.4
                0x0000513c       0x2a ./drivers/fsl_dspi.o
 *fill*         0x00005166        0x2 ff
 .rodata.__num_Ciob_streams
                0x00005168        0x4 d:/nxp/mcuxpressoide_11.5.0_7232/ide/plugins/com.nxp.mcuxpresso.tools.win32_11.5.0.202107051138/tools/bin/../lib/gcc/arm-none-eabi/10.3.1/../../../../arm-none-eabi/lib/thumb/v7e-m+fp/hard\libcr_nohost_nf.a(__ciob.o)
                0x00005168                __num_Ciob_streams
 .rodata.__assertion_failed.str1.1
                0x0000516c       0x15 d:/nxp/mcuxpressoide_11.5.0_7232/ide/plugins/com.nxp.mcuxpresso.tools.win32_11.5.0.202107051138/tools/bin/../lib/gcc/arm-none-eabi/10.3.1/../../../../arm-none-eabi/lib/thumb/v7e-m+fp/hard\libcr_nohost_nf.a(_cr_assert.o)
 .rodata._Csys_alloc.str1.1
                0x00005181       0x18 d:/nxp/mcuxpressoide_11.5.0_7232/ide/plugins/com.nxp.mcuxpresso.tools.win32_11.5.0.202107051138/tools/bin/../lib/gcc/arm-none-eabi/10.3.1/../../../../arm-none-eabi/lib/thumb/v7e-m+fp/hard\libcr_c.a(alloc.o)
 .rodata._initio.str1.1
                0x00005199        0x4 d:/nxp/mcuxpressoide_11.5.0_7232/ide/plugins/com.nxp.mcuxpresso.tools.win32_11.5.0.202107051138/tools/bin/../lib/gcc/arm-none-eabi/10.3.1/../../../../arm-none-eabi/lib/thumb/v7e-m+fp/hard\libcr_c.a(initio.o)
                0x000051a0                . = ALIGN (0x8)
 *fill*         0x0000519d        0x3 ff

.glue_7         0x000051a0        0x0
 .glue_7        0x000051a0        0x0 linker stubs

.glue_7t        0x000051a0        0x0
 .glue_7t       0x000051a0        0x0 linker stubs

.vfp11_veneer   0x000051a0        0x0
 .vfp11_veneer  0x000051a0        0x0 linker stubs

.v4_bx          0x000051a0        0x0
 .v4_bx         0x000051a0        0x0 linker stubs

.iplt           0x000051a0        0x0
 .iplt          0x000051a0        0x0 ./startup/startup_mk64f12.o

.rel.dyn        0x000051a0        0x0
 .rel.iplt      0x000051a0        0x0 ./startup/startup_mk64f12.o

.ARM.extab
 *(SORT_BY_ALIGNMENT(.ARM.extab*) SORT_BY_ALIGNMENT(.gnu.linkonce.armextab.*))

.ARM.exidx      0x000051a0        0x0
                0x000051a0                __exidx_start = .
 *(SORT_BY_ALIGNMENT(.ARM.exidx*) SORT_BY_ALIGNMENT(.gnu.linkonce.armexidx.*))
                0x000051a0                __exidx_end = .
                0x000051a0                _etext = .

.m_usb_data
 *(SORT_BY_ALIGNMENT(m_usb_bdt))

.data_RAM2      0x1fff0000        0x0 load address 0x000051a0
 FILL mask 0xff
                [!provide]                PROVIDE (__start_data_RAM2 = .)
                [!provide]                PROVIDE (__start_data_SRAM_LOWER = .)
 *(SORT_BY_ALIGNMENT(.ramfunc.$RAM2))
 *(SORT_BY_ALIGNMENT(.ramfunc.$SRAM_LOWER))
 *(SORT_BY_ALIGNMENT(.data.$RAM2))
 *(SORT_BY_ALIGNMENT(.data.$SRAM_LOWER))
 *(SORT_BY_ALIGNMENT(.data.$RAM2.*))
 *(SORT_BY_ALIGNMENT(.data.$SRAM_LOWER.*))
                0x1fff0000                . = ALIGN (0x8)
                [!provide]                PROVIDE (__end_data_RAM2 = .)
                [!provide]                PROVIDE (__end_data_SRAM_LOWER = .)

.data_RAM3      0x14000000        0x0 load address 0x000051a0
 FILL mask 0xff
                [!provide]                PROVIDE (__start_data_RAM3 = .)
                [!provide]                PROVIDE (__start_data_FLEX_RAM = .)
 *(SORT_BY_ALIGNMENT(.ramfunc.$RAM3))
 *(SORT_BY_ALIGNMENT(.ramfunc.$FLEX_RAM))
 *(SORT_BY_ALIGNMENT(.data.$RAM3))
 *(SORT_BY_ALIGNMENT(.data.$FLEX_RAM))
 *(SORT_BY_ALIGNMENT(.data.$RAM3.*))
 *(SORT_BY_ALIGNMENT(.data.$FLEX_RAM.*))
                0x14000000                . = ALIGN (0x8)
                [!provide]                PROVIDE (__end_data_RAM3 = .)
                [!provide]                PROVIDE (__end_data_FLEX_RAM = .)

.uninit_RESERVED
                0x20000000        0x0
                0x20000000                _start_uninit_RESERVED = .
 *(SORT_BY_ALIGNMENT(.bss.$RESERVED*))
                0x20000000                . = ALIGN (0x8)
                0x20000000                _end_uninit_RESERVED = .

.data           0x20000000       0x78 load address 0x000051a0
 FILL mask 0xff
                0x20000000                _data = .
                [!provide]                PROVIDE (__start_data_RAM = .)
                [!provide]                PROVIDE (__start_data_SRAM_UPPER = .)
 *(SORT_BY_ALIGNMENT(vtable))
 *(SORT_BY_ALIGNMENT(.ramfunc*))
 *(SORT_BY_ALIGNMENT(CodeQuickAccess))
 *(SORT_BY_ALIGNMENT(DataQuickAccess))
 *(SORT_BY_ALIGNMENT(RamFunction))
 *(SORT_BY_ALIGNMENT(.data*))
 .data.g_str_khz
                0x20000000        0x4 ./source/Frequency.o
                0x20000000                g_str_khz
 .data.g_str_hz
                0x20000004        0x3 ./source/Frequency.o
                0x20000004                g_str_hz
 *fill*         0x20000007        0x1 ff
 .data.g_str_submenu1
                0x20000008        0xd ./source/MainMenu.o
                0x20000008                g_str_submenu1
 *fill*         0x20000015        0x3 ff
 .data.g_str_submenu2
                0x20000018        0xa ./source/MainMenu.o
                0x20000018                g_str_submenu2
 *fill*         0x20000022        0x2 ff
 .data.g_str_submenu3
                0x20000024        0xb ./source/MainMenu.o
                0x20000024                g_str_submenu3
 *fill*         0x2000002f        0x1 ff
 .data.g_str_submenu4
                0x20000030        0xc ./source/MainMenu.o
                0x20000030                g_str_submenu4
 .data.g_str_voltaje
                0x2000003c        0xa ./source/MainMenu.o
                0x2000003c                g_str_voltaje
 *fill*         0x20000046        0x2 ff
 .data.g_str_freq
                0x20000048        0x7 ./source/MainMenu.o
                0x20000048                g_str_freq
 *fill*         0x2000004f        0x1 ff
 .data.g_str_on
                0x20000050        0x4 ./source/MainMenu.o
                0x20000050                g_str_on
 .data.g_str_off
                0x20000054        0x4 ./source/MainMenu.o
                0x20000054                g_str_off
 .data.initial_sequence
                0x20000058        0x5 ./source/MainMenu.o
                0x20000058                initial_sequence
 *fill*         0x2000005d        0x3 ff
 .data.g_sequence_rgb_code
                0x20000060       0x15 ./source/RGB_led.o
                0x20000060                g_sequence_rgb_code
                0x20000078                . = ALIGN (0x8)
 *fill*         0x20000075        0x3 ff
                0x20000078                _edata = .
                [!provide]                PROVIDE (__end_data_RAM = .)
                [!provide]                PROVIDE (__end_data_SRAM_UPPER = .)

.igot.plt       0x20000078        0x0 load address 0x00005218
 .igot.plt      0x20000078        0x0 ./startup/startup_mk64f12.o

.bss_RAM2       0x1fff0000        0x0
                [!provide]                PROVIDE (__start_bss_RAM2 = .)
                [!provide]                PROVIDE (__start_bss_SRAM_LOWER = .)
 *(SORT_BY_ALIGNMENT(.bss.$RAM2))
 *(SORT_BY_ALIGNMENT(.bss.$SRAM_LOWER))
 *(SORT_BY_ALIGNMENT(.bss.$RAM2.*))
 *(SORT_BY_ALIGNMENT(.bss.$SRAM_LOWER.*))
                0x1fff0000                . = ALIGN ((. != 0x0)?0x8:0x1)
                [!provide]                PROVIDE (__end_bss_RAM2 = .)
                [!provide]                PROVIDE (__end_bss_SRAM_LOWER = .)

.bss_RAM3       0x14000000        0x0
                [!provide]                PROVIDE (__start_bss_RAM3 = .)
                [!provide]                PROVIDE (__start_bss_FLEX_RAM = .)
 *(SORT_BY_ALIGNMENT(.bss.$RAM3))
 *(SORT_BY_ALIGNMENT(.bss.$FLEX_RAM))
 *(SORT_BY_ALIGNMENT(.bss.$RAM3.*))
 *(SORT_BY_ALIGNMENT(.bss.$FLEX_RAM.*))
                0x14000000                . = ALIGN ((. != 0x0)?0x8:0x1)
                [!provide]                PROVIDE (__end_bss_RAM3 = .)
                [!provide]                PROVIDE (__end_bss_FLEX_RAM = .)

.bss            0x20000078      0xd28
                0x20000078                _bss = .
                [!provide]                PROVIDE (__start_bss_RAM = .)
                [!provide]                PROVIDE (__start_bss_SRAM_UPPER = .)
 *(SORT_BY_ALIGNMENT(.bss*))
 .bss.ftm_0_callback
                0x20000078        0x4 ./source/FlexTimer.o
 .bss.ftm_1_callback
                0x2000007c        0x4 ./source/FlexTimer.o
 .bss.ftm_2_callback
                0x20000080        0x4 ./source/FlexTimer.o
 .bss.ftm_3_callback
                0x20000084        0x4 ./source/FlexTimer.o
 .bss.g_tempPrev
                0x20000088        0x4 ./source/Frequency.o
 .bss.g_temp    0x2000008c        0x4 ./source/Frequency.o
 .bss.g_diff    0x20000090        0x4 ./source/Frequency.o
 .bss.g_frequency
                0x20000094      0x7d0 ./source/Frequency.o
 .bss.g_freq_sample
                0x20000864        0x4 ./source/Frequency.o
 .bss.gpio_A_callback
                0x20000868        0x4 ./source/GPIO.o
 .bss.gpio_B_callback
                0x2000086c        0x4 ./source/GPIO.o
 .bss.gpio_C_callback
                0x20000870        0x4 ./source/GPIO.o
 .bss.gpio_D_callback
                0x20000874        0x4 ./source/GPIO.o
 .bss.gpio_E_callback
                0x20000878        0x4 ./source/GPIO.o
 .bss.g_colors_sequence
                0x2000087c        0xa ./source/MainMenu.o
 *fill*         0x20000886        0x2 
 .bss.pit0_callback
                0x20000888        0x4 ./source/PIT.o
 .bss.pit1_callback
                0x2000088c        0x4 ./source/PIT.o
 .bss.pit2_callback
                0x20000890        0x4 ./source/PIT.o
 .bss.pit3_callback
                0x20000894        0x4 ./source/PIT.o
 .bss.g_counter_1s
                0x20000898        0x4 ./source/RGB_led.o
 .bss.g_colors_seq
                0x2000089c        0x4 ./source/RGB_led.o
 .bss.g_adc_samples
                0x200008a0      0x3e8 ./source/RGB_led.o
 .bss.g_dspiHandle
                0x20000c88        0xc ./drivers/fsl_dspi.o
 .bss.s_dspiMasterIsr
                0x20000c94        0x4 ./drivers/fsl_dspi.o
 .bss.s_dspiSlaveIsr
                0x20000c98        0x4 ./drivers/fsl_dspi.o
 .bss.s_i2cHandle
                0x20000c9c        0xc ./drivers/fsl_i2c.o
 .bss.s_i2cMasterIsr
                0x20000ca8        0x4 ./drivers/fsl_i2c.o
 .bss.s_i2cSlaveIsr
                0x20000cac        0x4 ./drivers/fsl_i2c.o
 .bss.s_uartHandle
                0x20000cb0       0x18 ./drivers/fsl_uart.o
                0x20000cb0                s_uartHandle
 .bss.s_uartIsr
                0x20000cc8        0x4 ./drivers/fsl_uart.o
                0x20000cc8                s_uartIsr
 .bss.__Ciob    0x20000ccc       0xb4 d:/nxp/mcuxpressoide_11.5.0_7232/ide/plugins/com.nxp.mcuxpresso.tools.win32_11.5.0.202107051138/tools/bin/../lib/gcc/arm-none-eabi/10.3.1/../../../../arm-none-eabi/lib/thumb/v7e-m+fp/hard\libcr_nohost_nf.a(__ciob.o)
                0x20000ccc                __Ciob
 .bss.errno     0x20000d80        0x4 d:/nxp/mcuxpressoide_11.5.0_7232/ide/plugins/com.nxp.mcuxpresso.tools.win32_11.5.0.202107051138/tools/bin/../lib/gcc/arm-none-eabi/10.3.1/../../../../arm-none-eabi/lib/thumb/v7e-m+fp/hard\libcr_c.a(errno.o)
                0x20000d80                errno
 .bss.__end_of_heap
                0x20000d84        0x4 d:/nxp/mcuxpressoide_11.5.0_7232/ide/plugins/com.nxp.mcuxpresso.tools.win32_11.5.0.202107051138/tools/bin/../lib/gcc/arm-none-eabi/10.3.1/../../../../arm-none-eabi/lib/thumb/v7e-m+fp/hard\libcr_c.a(__init_alloc.o)
                0x20000d84                __end_of_heap
 .bss.__heaps   0x20000d88        0x4 d:/nxp/mcuxpressoide_11.5.0_7232/ide/plugins/com.nxp.mcuxpresso.tools.win32_11.5.0.202107051138/tools/bin/../lib/gcc/arm-none-eabi/10.3.1/../../../../arm-none-eabi/lib/thumb/v7e-m+fp/hard\libcr_c.a(__init_alloc.o)
                0x20000d88                __heaps
 .bss.g_sequence_counter
                0x20000d8c        0x2 ./source/RGB_led.o
 .bss.g_sequence_total
                0x20000d8e        0x2 ./source/RGB_led.o
 .bss.g_adc_samples_counter
                0x20000d90        0x2 ./source/RGB_led.o
 .bss.g_change_flag
                0x20000d92        0x1 ./source/Debouncer.o
 .bss.g_release_wait_end
                0x20000d93        0x1 ./source/Debouncer.o
 .bss.g_initial_pin_status
                0x20000d94        0x1 ./source/Debouncer.o
 .bss.g_actual_pin_status
                0x20000d95        0x1 ./source/Debouncer.o
 .bss.g_gpio    0x20000d96        0x1 ./source/Debouncer.o
 .bss.g_pin     0x20000d97        0x1 ./source/Debouncer.o
 .bss.g_counter
                0x20000d98        0x1 ./source/Debouncer.o
                0x20000d98                g_counter
 .bss.g_menu_level
                0x20000d99        0x1 ./source/MainMenu.o
 .bss.g_mode_on
                0x20000d9a        0x1 ./source/MainMenu.o
 .bss.g_sequence_n
                0x20000d9b        0x1 ./source/MainMenu.o
 .bss.g_start_system
                0x20000d9c        0x1 ./source/MainMenu.o
 .bss.g_bright_level
                0x20000d9d        0x1 ./source/MainMenu.o
 .bss.g_interrupt_flag
                0x20000d9e        0x1 ./source/PIT.o
                0x20000d9e                g_interrupt_flag
 .bss.g_stop_flag
                0x20000d9f        0x1 ./source/RGB_led.o
 *(SORT_BY_ALIGNMENT(COMMON))
                0x20000da0                . = ALIGN (0x8)
                0x20000da0                _ebss = .
                [!provide]                PROVIDE (__end_bss_RAM = .)
                [!provide]                PROVIDE (__end_bss_SRAM_UPPER = .)
                [!provide]                PROVIDE (end = .)

.noinit_RAM2    0x1fff0000        0x0
                [!provide]                PROVIDE (__start_noinit_RAM2 = .)
                [!provide]                PROVIDE (__start_noinit_SRAM_LOWER = .)
 *(SORT_BY_ALIGNMENT(.noinit.$RAM2))
 *(SORT_BY_ALIGNMENT(.noinit.$SRAM_LOWER))
 *(SORT_BY_ALIGNMENT(.noinit.$RAM2.*))
 *(SORT_BY_ALIGNMENT(.noinit.$SRAM_LOWER.*))
                0x1fff0000                . = ALIGN (0x8)
                [!provide]                PROVIDE (__end_noinit_RAM2 = .)
                [!provide]                PROVIDE (__end_noinit_SRAM_LOWER = .)

.noinit_RAM3    0x14000000        0x0
                [!provide]                PROVIDE (__start_noinit_RAM3 = .)
                [!provide]                PROVIDE (__start_noinit_FLEX_RAM = .)
 *(SORT_BY_ALIGNMENT(.noinit.$RAM3))
 *(SORT_BY_ALIGNMENT(.noinit.$FLEX_RAM))
 *(SORT_BY_ALIGNMENT(.noinit.$RAM3.*))
 *(SORT_BY_ALIGNMENT(.noinit.$FLEX_RAM.*))
                0x14000000                . = ALIGN (0x8)
                [!provide]                PROVIDE (__end_noinit_RAM3 = .)
                [!provide]                PROVIDE (__end_noinit_FLEX_RAM = .)

.noinit         0x20000da0        0x0
                0x20000da0                _noinit = .
                [!provide]                PROVIDE (__start_noinit_RAM = .)
                [!provide]                PROVIDE (__start_noinit_SRAM_UPPER = .)
 *(SORT_BY_ALIGNMENT(.noinit*))
                0x20000da0                . = ALIGN (0x8)
                0x20000da0                _end_noinit = .
                [!provide]                PROVIDE (__end_noinit_RAM = .)
                [!provide]                PROVIDE (__end_noinit_SRAM_UPPER = .)
                0x00001000                _HeapSize = 0x1000

.heap           0x20000da0     0x1000
                0x20000da0                _pvHeapStart = .
                0x20001da0                . = (. + _HeapSize)
 *fill*         0x20000da0     0x1000 
                0x20001da0                . = ALIGN (0x8)
                0x20001da0                _pvHeapLimit = .
                0x00001000                _StackSize = 0x1000

.heap2stackfill
                0x20001da0     0x1000
                0x20002da0                . = (. + _StackSize)
 *fill*         0x20001da0     0x1000 

.stack          0x2002f000        0x0
                0x2002f000                _vStackBase = .
                0x2002f000                . = ALIGN (0x8)
                0x20030000                _vStackTop = (. + _StackSize)
                0x00000000                _image_start = LOADADDR (.text)
                0x00005218                _image_end = (LOADADDR (.data) + SIZEOF (.data))
                0x00005218                _image_size = (_image_end - _image_start)
OUTPUT(P3.axf elf32-littlearm)
LOAD linker stubs

.debug_info     0x00000000     0xd106
 .debug_info    0x00000000      0x93a ./startup/startup_mk64f12.o
 .debug_info    0x0000093a      0x466 ./source/ADC.o
 .debug_info    0x00000da0      0x594 ./source/Buttons.o
 .debug_info    0x00001334      0x47d ./source/Debouncer.o
 .debug_info    0x000017b1       0xc4 ./source/Delay.o
 .debug_info    0x00001875      0xad0 ./source/FlexTimer.o
 .debug_info    0x00002345      0x9c2 ./source/Frequency.o
 .debug_info    0x00002d07      0x85f ./source/GPIO.o
 .debug_info    0x00003566      0x704 ./source/LCD_nokia.o
 .debug_info    0x00003c6a       0xa1 ./source/LCD_nokia_images.o
 .debug_info    0x00003d0b      0x476 ./source/MainMenu.o
 .debug_info    0x00004181      0x96c ./source/NVIC.o
 .debug_info    0x00004aed      0x5b5 ./source/PIT.o
 .debug_info    0x000050a2      0x9d2 ./source/RGB_led.o
 .debug_info    0x00005a74      0x8db ./source/SPI.o
 .debug_info    0x0000634f      0x2ac ./source/Switches.o
 .debug_info    0x000065fb       0x8d ./source/main.o
 .debug_info    0x00006688       0x3c ./source/semihost_hardfault.o
 .debug_info    0x000066c4     0x25d7 ./drivers/fsl_dspi.o
 .debug_info    0x00008c9b     0x1e92 ./drivers/fsl_i2c.o
 .debug_info    0x0000ab2d     0x1f90 ./drivers/fsl_uart.o
 .debug_info    0x0000cabd      0x649 ./device/system_MK64F12.o

.debug_abbrev   0x00000000     0x22aa
 .debug_abbrev  0x00000000      0x185 ./startup/startup_mk64f12.o
 .debug_abbrev  0x00000185      0x10e ./source/ADC.o
 .debug_abbrev  0x00000293       0xdb ./source/Buttons.o
 .debug_abbrev  0x0000036e       0xf6 ./source/Debouncer.o
 .debug_abbrev  0x00000464       0x7f ./source/Delay.o
 .debug_abbrev  0x000004e3      0x217 ./source/FlexTimer.o
 .debug_abbrev  0x000006fa      0x18c ./source/Frequency.o
 .debug_abbrev  0x00000886      0x225 ./source/GPIO.o
 .debug_abbrev  0x00000aab      0x18e ./source/LCD_nokia.o
 .debug_abbrev  0x00000c39       0x64 ./source/LCD_nokia_images.o
 .debug_abbrev  0x00000c9d       0xee ./source/MainMenu.o
 .debug_abbrev  0x00000d8b      0x1be ./source/NVIC.o
 .debug_abbrev  0x00000f49      0x1bd ./source/PIT.o
 .debug_abbrev  0x00001106      0x216 ./source/RGB_led.o
 .debug_abbrev  0x0000131c      0x1e3 ./source/SPI.o
 .debug_abbrev  0x000014ff       0xd7 ./source/Switches.o
 .debug_abbrev  0x000015d6       0x49 ./source/main.o
 .debug_abbrev  0x0000161f       0x31 ./source/semihost_hardfault.o
 .debug_abbrev  0x00001650      0x381 ./drivers/fsl_dspi.o
 .debug_abbrev  0x000019d1      0x363 ./drivers/fsl_i2c.o
 .debug_abbrev  0x00001d34      0x42e ./drivers/fsl_uart.o
 .debug_abbrev  0x00002162      0x148 ./device/system_MK64F12.o

.debug_aranges  0x00000000      0xe68
 .debug_aranges
                0x00000000      0x330 ./startup/startup_mk64f12.o
 .debug_aranges
                0x00000330       0x28 ./source/ADC.o
 .debug_aranges
                0x00000358       0x78 ./source/Buttons.o
 .debug_aranges
                0x000003d0       0x30 ./source/Debouncer.o
 .debug_aranges
                0x00000400       0x20 ./source/Delay.o
 .debug_aranges
                0x00000420       0x98 ./source/FlexTimer.o
 .debug_aranges
                0x000004b8       0x58 ./source/Frequency.o
 .debug_aranges
                0x00000510       0xb0 ./source/GPIO.o
 .debug_aranges
                0x000005c0       0x70 ./source/LCD_nokia.o
 .debug_aranges
                0x00000630       0x18 ./source/LCD_nokia_images.o
 .debug_aranges
                0x00000648       0x98 ./source/MainMenu.o
 .debug_aranges
                0x000006e0       0x38 ./source/NVIC.o
 .debug_aranges
                0x00000718       0x78 ./source/PIT.o
 .debug_aranges
                0x00000790       0x98 ./source/RGB_led.o
 .debug_aranges
                0x00000828       0x80 ./source/SPI.o
 .debug_aranges
                0x000008a8       0x40 ./source/Switches.o
 .debug_aranges
                0x000008e8       0x20 ./source/main.o
 .debug_aranges
                0x00000908       0x20 ./source/semihost_hardfault.o
 .debug_aranges
                0x00000928      0x1d8 ./drivers/fsl_dspi.o
 .debug_aranges
                0x00000b00      0x180 ./drivers/fsl_i2c.o
 .debug_aranges
                0x00000c80      0x1b8 ./drivers/fsl_uart.o
 .debug_aranges
                0x00000e38       0x30 ./device/system_MK64F12.o

.debug_ranges   0x00000000      0xd00
 .debug_ranges  0x00000000      0x320 ./startup/startup_mk64f12.o
 .debug_ranges  0x00000320       0x18 ./source/ADC.o
 .debug_ranges  0x00000338       0x68 ./source/Buttons.o
 .debug_ranges  0x000003a0       0x20 ./source/Debouncer.o
 .debug_ranges  0x000003c0       0x10 ./source/Delay.o
 .debug_ranges  0x000003d0       0x88 ./source/FlexTimer.o
 .debug_ranges  0x00000458       0x48 ./source/Frequency.o
 .debug_ranges  0x000004a0       0xa0 ./source/GPIO.o
 .debug_ranges  0x00000540       0x60 ./source/LCD_nokia.o
 .debug_ranges  0x000005a0       0x88 ./source/MainMenu.o
 .debug_ranges  0x00000628       0x28 ./source/NVIC.o
 .debug_ranges  0x00000650       0x68 ./source/PIT.o
 .debug_ranges  0x000006b8       0x88 ./source/RGB_led.o
 .debug_ranges  0x00000740       0x70 ./source/SPI.o
 .debug_ranges  0x000007b0       0x30 ./source/Switches.o
 .debug_ranges  0x000007e0       0x10 ./source/main.o
 .debug_ranges  0x000007f0       0x10 ./source/semihost_hardfault.o
 .debug_ranges  0x00000800      0x1c8 ./drivers/fsl_dspi.o
 .debug_ranges  0x000009c8      0x170 ./drivers/fsl_i2c.o
 .debug_ranges  0x00000b38      0x1a8 ./drivers/fsl_uart.o
 .debug_ranges  0x00000ce0       0x20 ./device/system_MK64F12.o

.debug_macro    0x00000000     0x1e12
 .debug_macro   0x00000000       0x29 ./startup/startup_mk64f12.o
 .debug_macro   0x00000029       0xbb ./source/ADC.o
 .debug_macro   0x000000e4       0xd8 ./source/ADC.o
 .debug_macro   0x000001bc       0xb8 ./source/ADC.o
 .debug_macro   0x00000274       0x16 ./source/ADC.o
 .debug_macro   0x0000028a       0xf9 ./source/Buttons.o
 .debug_macro   0x00000383       0x3a ./source/Buttons.o
 .debug_macro   0x000003bd       0x16 ./source/Buttons.o
 .debug_macro   0x000003d3       0x28 ./source/Buttons.o
 .debug_macro   0x000003fb       0x10 ./source/Buttons.o
 .debug_macro   0x0000040b       0xda ./source/Debouncer.o
 .debug_macro   0x000004e5       0xad ./source/Delay.o
 .debug_macro   0x00000592       0xc1 ./source/FlexTimer.o
 .debug_macro   0x00000653      0x112 ./source/FlexTimer.o
 .debug_macro   0x00000765       0xeb ./source/Frequency.o
 .debug_macro   0x00000850       0x40 ./source/Frequency.o
 .debug_macro   0x00000890      0x118 ./source/Frequency.o
 .debug_macro   0x000009a8       0x7c ./source/Frequency.o
 .debug_macro   0x00000a24       0x40 ./source/Frequency.o
 .debug_macro   0x00000a64       0x9f ./source/GPIO.o
 .debug_macro   0x00000b03       0xdb ./source/LCD_nokia.o
 .debug_macro   0x00000bde       0xb2 ./source/LCD_nokia.o
 .debug_macro   0x00000c90       0xee ./source/LCD_nokia.o
 .debug_macro   0x00000d7e       0x46 ./source/LCD_nokia_images.o
 .debug_macro   0x00000dc4      0x11a ./source/MainMenu.o
 .debug_macro   0x00000ede       0x22 ./source/MainMenu.o
 .debug_macro   0x00000f00       0x40 ./source/MainMenu.o
 .debug_macro   0x00000f40       0x46 ./source/MainMenu.o
 .debug_macro   0x00000f86       0x95 ./source/NVIC.o
 .debug_macro   0x0000101b       0x10 ./source/NVIC.o
 .debug_macro   0x0000102b       0xc8 ./source/PIT.o
 .debug_macro   0x000010f3       0xef ./source/RGB_led.o
 .debug_macro   0x000011e2       0xc5 ./source/SPI.o
 .debug_macro   0x000012a7       0xb2 ./source/Switches.o
 .debug_macro   0x00001359      0x1ee ./source/main.o
 .debug_macro   0x00001547       0x16 ./source/main.o
 .debug_macro   0x0000155d       0x16 ./source/main.o
 .debug_macro   0x00001573       0x16 ./source/main.o
 .debug_macro   0x00001589      0x1ab ./source/main.o
 .debug_macro   0x00001734      0x1ce ./source/main.o
 .debug_macro   0x00001902       0x16 ./source/main.o
 .debug_macro   0x00001918       0x82 ./source/main.o
 .debug_macro   0x0000199a       0x11 ./source/semihost_hardfault.o
 .debug_macro   0x000019ab      0x121 ./drivers/fsl_dspi.o
 .debug_macro   0x00001acc       0x3a ./drivers/fsl_dspi.o
 .debug_macro   0x00001b06      0x121 ./drivers/fsl_i2c.o
 .debug_macro   0x00001c27       0x1c ./drivers/fsl_i2c.o
 .debug_macro   0x00001c43      0x127 ./drivers/fsl_uart.o
 .debug_macro   0x00001d6a       0x10 ./drivers/fsl_uart.o
 .debug_macro   0x00001d7a       0x98 ./device/system_MK64F12.o

.debug_line     0x00000000     0x92f7
 .debug_line    0x00000000      0x911 ./startup/startup_mk64f12.o
 .debug_line    0x00000911      0x294 ./source/ADC.o
 .debug_line    0x00000ba5      0x410 ./source/Buttons.o
 .debug_line    0x00000fb5      0x2f5 ./source/Debouncer.o
 .debug_line    0x000012aa      0x25a ./source/Delay.o
 .debug_line    0x00001504      0x9b3 ./source/FlexTimer.o
 .debug_line    0x00001eb7      0x3f6 ./source/Frequency.o
 .debug_line    0x000022ad      0x7e2 ./source/GPIO.o
 .debug_line    0x00002a8f      0x4c8 ./source/LCD_nokia.o
 .debug_line    0x00002f57      0x183 ./source/LCD_nokia_images.o
 .debug_line    0x000030da      0x660 ./source/MainMenu.o
 .debug_line    0x0000373a      0x2b0 ./source/NVIC.o
 .debug_line    0x000039ea      0x3c3 ./source/PIT.o
 .debug_line    0x00003dad      0x517 ./source/RGB_led.o
 .debug_line    0x000042c4      0x57e ./source/SPI.o
 .debug_line    0x00004842      0x2de ./source/Switches.o
 .debug_line    0x00004b20      0x48f ./source/main.o
 .debug_line    0x00004faf       0x59 ./source/semihost_hardfault.o
 .debug_line    0x00005008     0x1781 ./drivers/fsl_dspi.o
 .debug_line    0x00006789     0x1365 ./drivers/fsl_i2c.o
 .debug_line    0x00007aee     0x1452 ./drivers/fsl_uart.o
 .debug_line    0x00008f40      0x3b7 ./device/system_MK64F12.o

.debug_str      0x00000000    0x83a96
 .debug_str     0x00000000     0x3551 ./startup/startup_mk64f12.o
                               0x35fd (size before relaxing)
 .debug_str     0x00003551    0x6eb99 ./source/ADC.o
                              0x719bc (size before relaxing)
 .debug_str     0x000720ea      0x83d ./source/Buttons.o
                              0x720ac (size before relaxing)
 .debug_str     0x00072927       0xdd ./source/Debouncer.o
                              0x71e67 (size before relaxing)
 .debug_str     0x00072a04       0x1c ./source/Delay.o
                              0x71541 (size before relaxing)
 .debug_str     0x00072a20      0xdb0 ./source/FlexTimer.o
                              0x72826 (size before relaxing)
 .debug_str     0x000737d0      0x4fe ./source/Frequency.o
                              0x72f79 (size before relaxing)
 .debug_str     0x00073cce      0x24c ./source/GPIO.o
                              0x71945 (size before relaxing)
 .debug_str     0x00073f1a      0x7b9 ./source/LCD_nokia.o
                              0x71eee (size before relaxing)
 .debug_str     0x000746d3       0x38 ./source/LCD_nokia_images.o
                               0x4473 (size before relaxing)
 .debug_str     0x0007470b      0x298 ./source/MainMenu.o
                              0x729ea (size before relaxing)
 .debug_str     0x000749a3      0x5d8 ./source/NVIC.o
                              0x71dae (size before relaxing)
 .debug_str     0x00074f7b      0x179 ./source/PIT.o
                              0x71ac3 (size before relaxing)
 .debug_str     0x000750f4      0x2fc ./source/RGB_led.o
                              0x72f17 (size before relaxing)
 .debug_str     0x000753f0      0x16c ./source/SPI.o
                              0x7209a (size before relaxing)
 .debug_str     0x0007555c       0x7c ./source/Switches.o
                              0x7171e (size before relaxing)
 .debug_str     0x000755d8     0xa885 ./source/main.o
                              0x7ce79 (size before relaxing)
 .debug_str     0x0007fe5d       0x1f ./source/semihost_hardfault.o
                               0x2da2 (size before relaxing)
 .debug_str     0x0007fe7c     0x2000 ./drivers/fsl_dspi.o
                              0x7c369 (size before relaxing)
 .debug_str     0x00081e7c      0xc7c ./drivers/fsl_i2c.o
                              0x7bbe8 (size before relaxing)
 .debug_str     0x00082af8      0xeb6 ./drivers/fsl_uart.o
                              0x7be33 (size before relaxing)
 .debug_str     0x000839ae       0xe8 ./device/system_MK64F12.o
                              0x783e2 (size before relaxing)

.comment        0x00000000       0x49
 .comment       0x00000000       0x49 ./startup/startup_mk64f12.o
                                 0x4a (size before relaxing)
 .comment       0x00000049       0x4a ./source/ADC.o
 .comment       0x00000049       0x4a ./source/Buttons.o
 .comment       0x00000049       0x4a ./source/Debouncer.o
 .comment       0x00000049       0x4a ./source/Delay.o
 .comment       0x00000049       0x4a ./source/FlexTimer.o
 .comment       0x00000049       0x4a ./source/Frequency.o
 .comment       0x00000049       0x4a ./source/GPIO.o
 .comment       0x00000049       0x4a ./source/LCD_nokia.o
 .comment       0x00000049       0x4a ./source/LCD_nokia_images.o
 .comment       0x00000049       0x4a ./source/MainMenu.o
 .comment       0x00000049       0x4a ./source/NVIC.o
 .comment       0x00000049       0x4a ./source/PIT.o
 .comment       0x00000049       0x4a ./source/RGB_led.o
 .comment       0x00000049       0x4a ./source/SPI.o
 .comment       0x00000049       0x4a ./source/Switches.o
 .comment       0x00000049       0x4a ./source/main.o
 .comment       0x00000049       0x4a ./source/semihost_hardfault.o
 .comment       0x00000049       0x4a ./drivers/fsl_dspi.o
 .comment       0x00000049       0x4a ./drivers/fsl_i2c.o
 .comment       0x00000049       0x4a ./drivers/fsl_uart.o
 .comment       0x00000049       0x4a ./device/system_MK64F12.o
 .comment       0x00000049       0x4a d:/nxp/mcuxpressoide_11.5.0_7232/ide/plugins/com.nxp.mcuxpresso.tools.win32_11.5.0.202107051138/tools/bin/../lib/gcc/arm-none-eabi/10.3.1/../../../../arm-none-eabi/lib/thumb/v7e-m+fp/hard\libcr_nohost_nf.a(_cr__main.o)
 .comment       0x00000049       0x4a d:/nxp/mcuxpressoide_11.5.0_7232/ide/plugins/com.nxp.mcuxpresso.tools.win32_11.5.0.202107051138/tools/bin/../lib/gcc/arm-none-eabi/10.3.1/../../../../arm-none-eabi/lib/thumb/v7e-m+fp/hard\libcr_nohost_nf.a(_cr_assert.o)
 .comment       0x00000049       0x4a d:/nxp/mcuxpressoide_11.5.0_7232/ide/plugins/com.nxp.mcuxpresso.tools.win32_11.5.0.202107051138/tools/bin/../lib/gcc/arm-none-eabi/10.3.1/../../../../arm-none-eabi/lib/thumb/v7e-m+fp/hard\libcr_nohost_nf.a(__ciob.o)
 .comment       0x00000049       0x4a d:/nxp/mcuxpressoide_11.5.0_7232/ide/plugins/com.nxp.mcuxpresso.tools.win32_11.5.0.202107051138/tools/bin/../lib/gcc/arm-none-eabi/10.3.1/../../../../arm-none-eabi/lib/thumb/v7e-m+fp/hard\libcr_nohost_nf.a(__sys_appexit.o)
 .comment       0x00000049       0x4a d:/nxp/mcuxpressoide_11.5.0_7232/ide/plugins/com.nxp.mcuxpresso.tools.win32_11.5.0.202107051138/tools/bin/../lib/gcc/arm-none-eabi/10.3.1/../../../../arm-none-eabi/lib/thumb/v7e-m+fp/hard\libcr_c.a(memset.o)
 .comment       0x00000049       0x4a d:/nxp/mcuxpressoide_11.5.0_7232/ide/plugins/com.nxp.mcuxpresso.tools.win32_11.5.0.202107051138/tools/bin/../lib/gcc/arm-none-eabi/10.3.1/../../../../arm-none-eabi/lib/thumb/v7e-m+fp/hard\libcr_c.a(_deferredlazyseek.o)
 .comment       0x00000049       0x4a d:/nxp/mcuxpressoide_11.5.0_7232/ide/plugins/com.nxp.mcuxpresso.tools.win32_11.5.0.202107051138/tools/bin/../lib/gcc/arm-none-eabi/10.3.1/../../../../arm-none-eabi/lib/thumb/v7e-m+fp/hard\libcr_c.a(_fflush.o)
 .comment       0x00000049       0x4a d:/nxp/mcuxpressoide_11.5.0_7232/ide/plugins/com.nxp.mcuxpresso.tools.win32_11.5.0.202107051138/tools/bin/../lib/gcc/arm-none-eabi/10.3.1/../../../../arm-none-eabi/lib/thumb/v7e-m+fp/hard\libcr_c.a(_writebuf.o)
 .comment       0x00000049       0x4a d:/nxp/mcuxpressoide_11.5.0_7232/ide/plugins/com.nxp.mcuxpresso.tools.win32_11.5.0.202107051138/tools/bin/../lib/gcc/arm-none-eabi/10.3.1/../../../../arm-none-eabi/lib/thumb/v7e-m+fp/hard\libcr_c.a(alloc.o)
 .comment       0x00000049       0x4a d:/nxp/mcuxpressoide_11.5.0_7232/ide/plugins/com.nxp.mcuxpresso.tools.win32_11.5.0.202107051138/tools/bin/../lib/gcc/arm-none-eabi/10.3.1/../../../../arm-none-eabi/lib/thumb/v7e-m+fp/hard\libcr_c.a(errno.o)
 .comment       0x00000049       0x4a d:/nxp/mcuxpressoide_11.5.0_7232/ide/plugins/com.nxp.mcuxpresso.tools.win32_11.5.0.202107051138/tools/bin/../lib/gcc/arm-none-eabi/10.3.1/../../../../arm-none-eabi/lib/thumb/v7e-m+fp/hard\libcr_c.a(fputs.o)
 .comment       0x00000049       0x4a d:/nxp/mcuxpressoide_11.5.0_7232/ide/plugins/com.nxp.mcuxpresso.tools.win32_11.5.0.202107051138/tools/bin/../lib/gcc/arm-none-eabi/10.3.1/../../../../arm-none-eabi/lib/thumb/v7e-m+fp/hard\libcr_c.a(fseek.o)
 .comment       0x00000049       0x4a d:/nxp/mcuxpressoide_11.5.0_7232/ide/plugins/com.nxp.mcuxpresso.tools.win32_11.5.0.202107051138/tools/bin/../lib/gcc/arm-none-eabi/10.3.1/../../../../arm-none-eabi/lib/thumb/v7e-m+fp/hard\libcr_c.a(ftell.o)
 .comment       0x00000049       0x4a d:/nxp/mcuxpressoide_11.5.0_7232/ide/plugins/com.nxp.mcuxpresso.tools.win32_11.5.0.202107051138/tools/bin/../lib/gcc/arm-none-eabi/10.3.1/../../../../arm-none-eabi/lib/thumb/v7e-m+fp/hard\libcr_c.a(initio.o)
 .comment       0x00000049       0x4a d:/nxp/mcuxpressoide_11.5.0_7232/ide/plugins/com.nxp.mcuxpresso.tools.win32_11.5.0.202107051138/tools/bin/../lib/gcc/arm-none-eabi/10.3.1/../../../../arm-none-eabi/lib/thumb/v7e-m+fp/hard\libcr_c.a(setvbuf.o)
 .comment       0x00000049       0x4a d:/nxp/mcuxpressoide_11.5.0_7232/ide/plugins/com.nxp.mcuxpresso.tools.win32_11.5.0.202107051138/tools/bin/../lib/gcc/arm-none-eabi/10.3.1/../../../../arm-none-eabi/lib/thumb/v7e-m+fp/hard\libcr_c.a(strlen.o)
 .comment       0x00000049       0x4a d:/nxp/mcuxpressoide_11.5.0_7232/ide/plugins/com.nxp.mcuxpresso.tools.win32_11.5.0.202107051138/tools/bin/../lib/gcc/arm-none-eabi/10.3.1/../../../../arm-none-eabi/lib/thumb/v7e-m+fp/hard\libcr_c.a(__init_alloc.o)
 .comment       0x00000049       0x4a d:/nxp/mcuxpressoide_11.5.0_7232/ide/plugins/com.nxp.mcuxpresso.tools.win32_11.5.0.202107051138/tools/bin/../lib/gcc/arm-none-eabi/10.3.1/../../../../arm-none-eabi/lib/thumb/v7e-m+fp/hard\libcr_c.a(_cr_sbrk.o)
 .comment       0x00000049       0x4a d:/nxp/mcuxpressoide_11.5.0_7232/ide/plugins/com.nxp.mcuxpresso.tools.win32_11.5.0.202107051138/tools/bin/../lib/gcc/arm-none-eabi/10.3.1/../../../../arm-none-eabi/lib/thumb/v7e-m+fp/hard\libcr_c.a(_fdopen.o)
 .comment       0x00000049       0x4a d:/nxp/mcuxpressoide_11.5.0_7232/ide/plugins/com.nxp.mcuxpresso.tools.win32_11.5.0.202107051138/tools/bin/../lib/gcc/arm-none-eabi/10.3.1/../../../../arm-none-eabi/lib/thumb/v7e-m+fp/hard\libcr_c.a(fclose.o)
 .comment       0x00000049       0x4a d:/nxp/mcuxpressoide_11.5.0_7232/ide/plugins/com.nxp.mcuxpresso.tools.win32_11.5.0.202107051138/tools/bin/../lib/gcc/arm-none-eabi/10.3.1/../../../../arm-none-eabi/lib/thumb/v7e-m+fp/hard\libcr_c.a(fflush.o)
 .comment       0x00000049       0x4a d:/nxp/mcuxpressoide_11.5.0_7232/ide/plugins/com.nxp.mcuxpresso.tools.win32_11.5.0.202107051138/tools/bin/../lib/gcc/arm-none-eabi/10.3.1/../../../../arm-none-eabi/lib/thumb/v7e-m+fp/hard\libcr_c.a(remove.o)
 .comment       0x00000049       0x4a d:/nxp/mcuxpressoide_11.5.0_7232/ide/plugins/com.nxp.mcuxpresso.tools.win32_11.5.0.202107051138/tools/bin/../lib/gcc/arm-none-eabi/10.3.1/../../../../arm-none-eabi/lib/thumb/v7e-m+fp/hard\libcr_c.a(_cr_check_heap.o)
 .comment       0x00000049       0x4a d:/nxp/mcuxpressoide_11.5.0_7232/ide/plugins/com.nxp.mcuxpresso.tools.win32_11.5.0.202107051138/tools/bin/../lib/gcc/arm-none-eabi/10.3.1/../../../../arm-none-eabi/lib/thumb/v7e-m+fp/hard\libcr_c.a(_do_fflush.o)
 .comment       0x00000049       0x4a d:/nxp/mcuxpressoide_11.5.0_7232/ide/plugins/com.nxp.mcuxpresso.tools.win32_11.5.0.202107051138/tools/bin/../lib/gcc/arm-none-eabi/10.3.1/../../../../arm-none-eabi/lib/thumb/v7e-m+fp/hard\libcr_nohost_nf.a(__sys_close.o)
 .comment       0x00000049       0x4a d:/nxp/mcuxpressoide_11.5.0_7232/ide/plugins/com.nxp.mcuxpresso.tools.win32_11.5.0.202107051138/tools/bin/../lib/gcc/arm-none-eabi/10.3.1/../../../../arm-none-eabi/lib/thumb/v7e-m+fp/hard\libcr_nohost_nf.a(__sys_flen.o)
 .comment       0x00000049       0x4a d:/nxp/mcuxpressoide_11.5.0_7232/ide/plugins/com.nxp.mcuxpresso.tools.win32_11.5.0.202107051138/tools/bin/../lib/gcc/arm-none-eabi/10.3.1/../../../../arm-none-eabi/lib/thumb/v7e-m+fp/hard\libcr_nohost_nf.a(__sys_istty.o)
 .comment       0x00000049       0x4a d:/nxp/mcuxpressoide_11.5.0_7232/ide/plugins/com.nxp.mcuxpresso.tools.win32_11.5.0.202107051138/tools/bin/../lib/gcc/arm-none-eabi/10.3.1/../../../../arm-none-eabi/lib/thumb/v7e-m+fp/hard\libcr_nohost_nf.a(__sys_remove.o)
 .comment       0x00000049       0x4a d:/nxp/mcuxpressoide_11.5.0_7232/ide/plugins/com.nxp.mcuxpresso.tools.win32_11.5.0.202107051138/tools/bin/../lib/gcc/arm-none-eabi/10.3.1/../../../../arm-none-eabi/lib/thumb/v7e-m+fp/hard\libcr_nohost_nf.a(__sys_seek.o)
 .comment       0x00000049       0x4a d:/nxp/mcuxpressoide_11.5.0_7232/ide/plugins/com.nxp.mcuxpresso.tools.win32_11.5.0.202107051138/tools/bin/../lib/gcc/arm-none-eabi/10.3.1/../../../../arm-none-eabi/lib/thumb/v7e-m+fp/hard\libcr_nohost_nf.a(__sys_tmpnam.o)
 .comment       0x00000049       0x4a d:/nxp/mcuxpressoide_11.5.0_7232/ide/plugins/com.nxp.mcuxpresso.tools.win32_11.5.0.202107051138/tools/bin/../lib/gcc/arm-none-eabi/10.3.1/../../../../arm-none-eabi/lib/thumb/v7e-m+fp/hard\libcr_nohost_nf.a(__sys_write.o)

.ARM.attributes
                0x00000000       0x32
 .ARM.attributes
                0x00000000       0x34 ./startup/startup_mk64f12.o
 .ARM.attributes
                0x00000034       0x34 ./source/ADC.o
 .ARM.attributes
                0x00000068       0x34 ./source/Buttons.o
 .ARM.attributes
                0x0000009c       0x34 ./source/Debouncer.o
 .ARM.attributes
                0x000000d0       0x34 ./source/Delay.o