../source/Buttons.c:20:6:Initialize_B0	8	static
../source/Buttons.c:37:6:Initialize_B1	8	static
../source/Buttons.c:45:6:Initialize_B2	8	static
../source/Buttons.c:58:6:Initialize_B3	8	static
../source/Buttons.c:71:6:Initialize_B4	8	static
../source/Buttons.c:79:6:Initialize_B5	8	static
../source/Buttons.c:87:6:Initialize_B6	8	static
../source/Buttons.c:95:6:Enable_sw2_and_sw3	8	static
../source/Buttons.c:105:6:gpioA_pb_interrupt	8	static
../source/Buttons.c:110:6:gpioB_pb_interrupt	16	static
../source/Buttons.c:130:6:gpioC_pb_interrupt	16	static
../source/Buttons.c:165:6:gpioD_pb_interrupt	8	static
