../source/GPIO.c:25:6:GPIO_callback_init	16	static
../source/GPIO.c:47:6:PORTA_IRQHandler	8	static
../source/GPIO.c:57:6:PORTB_IRQHandler	8	static
../source/GPIO.c:67:6:PORTC_IRQHandler	8	static
../source/GPIO.c:77:6:PORTD_IRQHandler	8	static
../source/GPIO.c:87:6:PORTE_IRQHandler	8	static
../source/GPIO.c:97:6:GPIO_clear_irq_status	16	static
../source/GPIO.c:119:9:GPIO_get_irq_status	24	static
../source/GPIO.c:144:6:GPIO_clear_interrupt	16	static
../source/GPIO.c:166:9:GPIO_clock_gating	16	static
../source/GPIO.c:191:9:GPIO_pin_control_register	16	static
../source/GPIO.c:216:6:GPIO_write_port	16	static
../source/GPIO.c:240:10:GPIO_read_port	24	static
../source/GPIO.c:266:9:GPIO_read_pin	24	static
../source/GPIO.c:292:6:GPIO_set_pin	16	static
../source/GPIO.c:316:6:GPIO_clear_pin	16	static
../source/GPIO.c:343:6:GPIO_toogle_pin	16	static
../source/GPIO.c:367:6:GPIO_data_direction_port	16	static
../source/GPIO.c:391:6:GPIO_data_direction_pin	16	static
