../source/MainMenu.c:58:6:Init_all	8	static
../source/MainMenu.c:65:6:Start	8	static
../source/MainMenu.c:81:6:MainMenu_in	8	static
../source/MainMenu.c:108:6:RGB_manual	8	static
../source/MainMenu.c:133:6:RGB_adc	8	static
../source/MainMenu.c:146:6:RGB_sequence	8	static
../source/MainMenu.c:158:6:RGB_frequence	8	static
../source/MainMenu.c:171:6:Mode_on	8	static
../source/MainMenu.c:206:6:Mode_off	8	static
../source/MainMenu.c:242:6:B0_choose_function	8	static
../source/MainMenu.c:256:6:B1_choose_function	8	static
../source/MainMenu.c:301:6:B2_choose_function	8	static
../source/MainMenu.c:346:6:B3_choose_function	8	static
../source/MainMenu.c:387:6:B4_choose_function	8	static
../source/MainMenu.c:428:6:B5_choose_function	8	static
../source/MainMenu.c:467:6:B6_choose_function	8	static
